stm32h7xx_ll_usb.c:1425:26:USB_CoreReset	8	static
stm32h7xx_ll_usb.c:83:19:USB_CoreInit	8	static
stm32h7xx_ll_usb.c:143:19:USB_SetTurnaroundTime	0	static
stm32h7xx_ll_usb.c:226:19:USB_EnableGlobalInt	0	static
stm32h7xx_ll_usb.c:238:19:USB_DisableGlobalInt	0	static
stm32h7xx_ll_usb.c:455:19:USB_FlushTxFifo	8	static
stm32h7xx_ll_usb.c:488:19:USB_FlushRxFifo	8	static
stm32h7xx_ll_usb.c:527:19:USB_SetDevSpeed	0	static
stm32h7xx_ll_usb.c:300:19:USB_DevInit	32	static
stm32h7xx_ll_usb.c:543:9:USB_GetDevSpeed	0	static
stm32h7xx_ll_usb.c:572:19:USB_ActivateEndpoint	12	static
stm32h7xx_ll_usb.c:610:19:USB_ActivateDedicatedEndpoint	12	static
stm32h7xx_ll_usb.c:649:19:USB_DeactivateEndpoint	8	static
stm32h7xx_ll_usb.c:696:19:USB_DeactivateDedicatedEndpoint	0	static
stm32h7xx_ll_usb.c:882:19:USB_EP0StartXfer	12	static
stm32h7xx_ll_usb.c:976:19:USB_EPStopXfer	16	static
stm32h7xx_ll_usb.c:1036:19:USB_WritePacket	12	static
stm32h7xx_ll_usb.c:738:19:USB_EPStartXfer	32	static
stm32h7xx_ll_usb.c:1067:7:USB_ReadPacket	24	static
stm32h7xx_ll_usb.c:1109:19:USB_EPSetStall	0	static
stm32h7xx_ll_usb.c:1140:19:USB_EPClearStall	0	static
stm32h7xx_ll_usb.c:1169:19:USB_StopDevice	16	static
stm32h7xx_ll_usb.c:1210:20:USB_SetDevAddress	0	static
stm32h7xx_ll_usb.c:1225:20:USB_DevConnect	0	static
stm32h7xx_ll_usb.c:1242:20:USB_DevDisconnect	0	static
stm32h7xx_ll_usb.c:1259:11:USB_ReadInterrupts	0	static
stm32h7xx_ll_usb.c:1274:10:USB_ReadDevAllOutEpInterrupt	0	static
stm32h7xx_ll_usb.c:1290:10:USB_ReadDevAllInEpInterrupt	0	static
stm32h7xx_ll_usb.c:1308:10:USB_ReadDevOutEPInterrupt	0	static
stm32h7xx_ll_usb.c:1326:10:USB_ReadDevInEPInterrupt	4	static
stm32h7xx_ll_usb.c:1347:7:USB_ClearInterrupts	0	static
stm32h7xx_ll_usb.c:1360:10:USB_GetMode	0	static
stm32h7xx_ll_usb.c:253:19:USB_SetCurrentMode	16	static
stm32h7xx_ll_usb.c:1370:20:USB_ActivateSetup	0	static
stm32h7xx_ll_usb.c:1392:19:USB_EP0_OutStart	4	static
stm32h7xx_ll_usb.c:1461:19:USB_HostInit	16	static
stm32h7xx_ll_usb.c:1559:19:USB_InitFSLSPClkSel	4	static
stm32h7xx_ll_usb.c:1589:19:USB_ResetPort	24	static
stm32h7xx_ll_usb.c:1616:19:USB_DriveVbus	8	static
stm32h7xx_ll_usb.c:1646:10:USB_GetHostSpeed	8	static
stm32h7xx_ll_usb.c:1660:10:USB_GetCurrentFrame	0	static
stm32h7xx_ll_usb.c:1691:19:USB_HC_Init	32	static
stm32h7xx_ll_usb.c:1956:10:USB_HC_ReadInterrupt	0	static
stm32h7xx_ll_usb.c:1970:19:USB_HC_Halt	16	static
stm32h7xx_ll_usb.c:2041:19:USB_DoPing	0	static
stm32h7xx_ll_usb.c:1817:19:USB_HC_StartXfer	32	static
stm32h7xx_ll_usb.c:2065:19:USB_StopHost	24	static
stm32h7xx_ll_usb.c:2128:19:USB_ActivateRemoteWakeup	0	static
stm32h7xx_ll_usb.c:2146:19:USB_DeActivateRemoteWakeup	0	static
