stm32h7xx_hal_pcd_ex.c:70:19:HAL_PCDEx_SetTxFiFo	8	static
stm32h7xx_hal_pcd_ex.c:112:19:HAL_PCDEx_SetRxFiFo	0	static
stm32h7xx_hal_pcd_ex.c:124:19:HAL_PCDEx_ActivateLPM	0	static
stm32h7xx_hal_pcd_ex.c:141:19:HAL_PCDEx_DeActivateLPM	0	static
stm32h7xx_hal_pcd_ex.c:255:19:HAL_PCDEx_ActivateBCD	0	static
stm32h7xx_hal_pcd_ex.c:278:19:HAL_PCDEx_DeActivateBCD	0	static
stm32h7xx_hal_pcd_ex.c:301:13:HAL_PCDEx_LPM_Callback	0	static
stm32h7xx_hal_pcd_ex.c:318:13:HAL_PCDEx_BCD_Callback	0	static
stm32h7xx_hal_pcd_ex.c:158:6:HAL_PCDEx_BCD_VBUSDetect	16	static
