i2c1.c:12:9:i2c1_nack	4	static
i2c1.c:16:6:i2c1_nack_clear	4	static
i2c1.c:21:6:i2c1_init	16	static
i2c1.c:56:6:i2c1_deinit	4	static
i2c1.c:62:6:i2c1_reset	4	static
i2c1.c:74:6:I2C1_ER_IRQHandler	0	static
i2c1.c:82:10:i2c1_handle_error	8	static
i2c1.c:98:10:i2c1_waitBit	0	static
i2c1.c:112:6:i2c1_reset_error	0	static
i2c1.c:116:10:i2c1_get_error	0	static
i2c1.c:121:9:i2c1_transmission_busy	0	static
i2c1.c:124:10:i2c1_transmission_start	4	static
i2c1.c:149:10:i2c1_transmission_end	8	static
i2c1.c:154:10:i2c1_transmission_write8	8	static
i2c1.c:159:10:i2c1_transmission_read8	8	static
i2c1.c:165:6:i2c1_transmission_ack_disable	0	static
i2c1.c:170:10:i2c1_write_blocking	16	static
i2c1.c:182:10:i2c1_read_blocking	16	static
i2c1.c:198:10:i2c1_write8	16	static
i2c1.c:202:10:i2c1_write16	16	static
i2c1.c:207:10:i2c1_write32	16	static
i2c1.c:212:10:i2c1_read8	16	static
i2c1.c:218:10:i2c1_read16	16	static
i2c1.c:224:10:i2c1_read32	16	static
i2c1.c:233:10:i2c1_readRegister	16	static
i2c1.c:239:10:i2c1_readRegister8	8	static
i2c1.c:245:10:i2c1_writeRegister8	16	static
