usbd_ctlreq.c:921:16:USBD_GetLen	0	static
usbd_ctlreq.c:794:13:USBD_SetFeature	8	static
usbd_ctlreq.c:839:6:USBD_ParseSetupRequest	0	static
usbd_ctlreq.c:868:6:USBD_CtlError	8	static
usbd_ctlreq.c:380:13:USBD_GetDescriptor	24	static
usbd_ctlreq.c:588:13:USBD_SetAddress	16	static
usbd_ctlreq.c:629:27:USBD_SetConfig	16	static
usbd_ctlreq.c:719:13:USBD_GetConfig	8	static
usbd_ctlreq.c:753:13:USBD_GetStatus	8	static
usbd_ctlreq.c:811:13:USBD_ClrFeature	8	static
usbd_ctlreq.c:100:20:USBD_StdDevReq	16	static
usbd_ctlreq.c:163:20:USBD_StdItfReq	16	static
usbd_ctlreq.c:214:20:USBD_StdEPReq	24	static
usbd_ctlreq.c:885:6:USBD_GetString	16	static
