usbd_core.c:89:20:USBD_Init	8	static
usbd_core.c:130:20:USBD_DeInit	8	static
usbd_core.c:165:20:USBD_RegisterClass	16	static
usbd_core.c:202:20:USBD_Start	8	static
usbd_core.c:214:20:USBD_Stop	8	static
usbd_core.c:234:20:USBD_RunTestMode	0	static
usbd_core.c:250:20:USBD_SetClassConfig	8	static
usbd_core.c:270:20:USBD_ClrClassConfig	8	static
usbd_core.c:288:20:USBD_LL_SetupStage	16	static
usbd_core.c:328:20:USBD_LL_DataOutStage	16	static
usbd_core.c:398:20:USBD_LL_DataInStage	16	static
usbd_core.c:489:20:USBD_LL_Reset	16	static
usbd_core.c:531:20:USBD_LL_SetSpeed	0	static
usbd_core.c:546:20:USBD_LL_Suspend	0	static
usbd_core.c:561:20:USBD_LL_Resume	0	static
usbd_core.c:578:20:USBD_LL_SOF	8	static
usbd_core.c:602:20:USBD_LL_IsoINIncomplete	8	static
usbd_core.c:627:20:USBD_LL_IsoOUTIncomplete	8	static
usbd_core.c:652:20:USBD_LL_DevConnected	0	static
usbd_core.c:666:20:USBD_LL_DevDisconnected	8	static
usbd_core.c:679:25:USBD_GetNextDesc	0	static
