Archive member included to satisfy reference by file (symbol)

c:/st/stm32cubeide_1.6.1/stm32cubeide/plugins/com.st.stm32cube.ide.mcu.externaltools.gnu-tools-for-stm32.9-2020-q2-update.win32_1.5.0.202011040924/tools/bin/../lib/gcc/arm-none-eabi/9.3.1/../../../../arm-none-eabi/lib/thumb/v7e-m+dp/hard\libc_nano.a(lib_a-errno.o)
                              Core/Src/syscalls.o (__errno)
c:/st/stm32cubeide_1.6.1/stm32cubeide/plugins/com.st.stm32cube.ide.mcu.externaltools.gnu-tools-for-stm32.9-2020-q2-update.win32_1.5.0.202011040924/tools/bin/../lib/gcc/arm-none-eabi/9.3.1/../../../../arm-none-eabi/lib/thumb/v7e-m+dp/hard\libc_nano.a(lib_a-exit.o)
                              c:/st/stm32cubeide_1.6.1/stm32cubeide/plugins/com.st.stm32cube.ide.mcu.externaltools.gnu-tools-for-stm32.9-2020-q2-update.win32_1.5.0.202011040924/tools/bin/../lib/gcc/arm-none-eabi/9.3.1/../../../../arm-none-eabi/lib/thumb/v7e-m+dp/hard/crt0.o (exit)
c:/st/stm32cubeide_1.6.1/stm32cubeide/plugins/com.st.stm32cube.ide.mcu.externaltools.gnu-tools-for-stm32.9-2020-q2-update.win32_1.5.0.202011040924/tools/bin/../lib/gcc/arm-none-eabi/9.3.1/../../../../arm-none-eabi/lib/thumb/v7e-m+dp/hard\libc_nano.a(lib_a-impure.o)
                              c:/st/stm32cubeide_1.6.1/stm32cubeide/plugins/com.st.stm32cube.ide.mcu.externaltools.gnu-tools-for-stm32.9-2020-q2-update.win32_1.5.0.202011040924/tools/bin/../lib/gcc/arm-none-eabi/9.3.1/../../../../arm-none-eabi/lib/thumb/v7e-m+dp/hard\libc_nano.a(lib_a-exit.o) (_global_impure_ptr)
c:/st/stm32cubeide_1.6.1/stm32cubeide/plugins/com.st.stm32cube.ide.mcu.externaltools.gnu-tools-for-stm32.9-2020-q2-update.win32_1.5.0.202011040924/tools/bin/../lib/gcc/arm-none-eabi/9.3.1/../../../../arm-none-eabi/lib/thumb/v7e-m+dp/hard\libc_nano.a(lib_a-init.o)
                              c:/st/stm32cubeide_1.6.1/stm32cubeide/plugins/com.st.stm32cube.ide.mcu.externaltools.gnu-tools-for-stm32.9-2020-q2-update.win32_1.5.0.202011040924/tools/bin/../lib/gcc/arm-none-eabi/9.3.1/../../../../arm-none-eabi/lib/thumb/v7e-m+dp/hard/crt0.o (__libc_init_array)
c:/st/stm32cubeide_1.6.1/stm32cubeide/plugins/com.st.stm32cube.ide.mcu.externaltools.gnu-tools-for-stm32.9-2020-q2-update.win32_1.5.0.202011040924/tools/bin/../lib/gcc/arm-none-eabi/9.3.1/../../../../arm-none-eabi/lib/thumb/v7e-m+dp/hard\libc_nano.a(lib_a-memcpy-stub.o)
                              Middlewares/ST/STM32_USB_Device_Library/Class/AUDIO/Src/usbd_audio.o (memcpy)
c:/st/stm32cubeide_1.6.1/stm32cubeide/plugins/com.st.stm32cube.ide.mcu.externaltools.gnu-tools-for-stm32.9-2020-q2-update.win32_1.5.0.202011040924/tools/bin/../lib/gcc/arm-none-eabi/9.3.1/../../../../arm-none-eabi/lib/thumb/v7e-m+dp/hard\libc_nano.a(lib_a-memset.o)
                              c:/st/stm32cubeide_1.6.1/stm32cubeide/plugins/com.st.stm32cube.ide.mcu.externaltools.gnu-tools-for-stm32.9-2020-q2-update.win32_1.5.0.202011040924/tools/bin/../lib/gcc/arm-none-eabi/9.3.1/../../../../arm-none-eabi/lib/thumb/v7e-m+dp/hard/crt0.o (memset)

Allocating common symbols
Common symbol       size              file

s_audio             0x2a0             Middlewares/ST/STM32_USB_Device_Library/Class/AUDIO/Src/usbd_audio.o
hpcd_USB_OTG_HS     0x408             USB_DEVICE/Target/usbd_conf.o
_sai_outBuf         0x1320            Core/Src/drv/sai.o
uwTick              0x4               Drivers/STM32H7xx_HAL_Driver/Src/stm32h7xx_hal.o
fb_history          0x190             Core/Src/drv/sai.o
pFlash              0x1c              Drivers/STM32H7xx_HAL_Driver/Src/stm32h7xx_hal_flash.o
hUsbDeviceHS        0x2d0             USB_DEVICE/App/usb_device.o
_usbtim_val         0x4               Core/Src/drv/usb_timer.o
fbh_pos             0x4               Core/Src/drv/sai.o
incomplete_packet   0x12c             Middlewares/ST/STM32_USB_Device_Library/Class/AUDIO/Src/usbd_audio.o
pcnt                0x258             Middlewares/ST/STM32_USB_Device_Library/Class/AUDIO/Src/usbd_audio.o
_sai_inBuf          0x1320            Core/Src/drv/sai.o
USBD_StrDesc        0x200             USB_DEVICE/App/usbd_desc.o
_usbtim_cnt         0x1               Core/Src/drv/usb_timer.o

Discarded input sections

 .text          0x0000000000000000        0x0 c:/st/stm32cubeide_1.6.1/stm32cubeide/plugins/com.st.stm32cube.ide.mcu.externaltools.gnu-tools-for-stm32.9-2020-q2-update.win32_1.5.0.202011040924/tools/bin/../lib/gcc/arm-none-eabi/9.3.1/thumb/v7e-m+dp/hard/crti.o
 .data          0x0000000000000000        0x0 c:/st/stm32cubeide_1.6.1/stm32cubeide/plugins/com.st.stm32cube.ide.mcu.externaltools.gnu-tools-for-stm32.9-2020-q2-update.win32_1.5.0.202011040924/tools/bin/../lib/gcc/arm-none-eabi/9.3.1/thumb/v7e-m+dp/hard/crti.o
 .bss           0x0000000000000000        0x0 c:/st/stm32cubeide_1.6.1/stm32cubeide/plugins/com.st.stm32cube.ide.mcu.externaltools.gnu-tools-for-stm32.9-2020-q2-update.win32_1.5.0.202011040924/tools/bin/../lib/gcc/arm-none-eabi/9.3.1/thumb/v7e-m+dp/hard/crti.o
[...]
Memory Configuration

Name             Origin             Length             Attributes
FLASH            0x0000000008000000 0x0000000000020000 xr
RAM              0x0000000024000000 0x0000000000080000 xrw
ITCMRAM          0x0000000000000000 0x0000000000010000 xrw
*default*        0x0000000000000000 0xffffffffffffffff

Linker script and memory map

LOAD c:/st/stm32cubeide_1.6.1/stm32cubeide/plugins/com.st.stm32cube.ide.mcu.externaltools.gnu-tools-for-stm32.9-2020-q2-update.win32_1.5.0.202011040924/tools/bin/../lib/gcc/arm-none-eabi/9.3.1/thumb/v7e-m+dp/hard/crti.o
LOAD c:/st/stm32cubeide_1.6.1/stm32cubeide/plugins/com.st.stm32cube.ide.mcu.externaltools.gnu-tools-for-stm32.9-2020-q2-update.win32_1.5.0.202011040924/tools/bin/../lib/gcc/arm-none-eabi/9.3.1/thumb/v7e-m+dp/hard/crtbegin.o
LOAD c:/st/stm32cubeide_1.6.1/stm32cubeide/plugins/com.st.stm32cube.ide.mcu.externaltools.gnu-tools-for-stm32.9-2020-q2-update.win32_1.5.0.202011040924/tools/bin/../lib/gcc/arm-none-eabi/9.3.1/../../../../arm-none-eabi/lib/thumb/v7e-m+dp/hard/crt0.o
LOAD Core/Src/drv/clock.o
LOAD Core/Src/drv/es8388.o
LOAD Core/Src/drv/i2c1.o
LOAD Core/Src/drv/i2s_clock.o
LOAD Core/Src/drv/mpu.o
LOAD Core/Src/drv/sai.o
LOAD Core/Src/drv/usb_timer.o
LOAD Core/Src/main.o
LOAD Core/Src/stm32h7xx_hal_msp.o
LOAD Core/Src/stm32h7xx_it.o
LOAD Core/Src/syscalls.o
LOAD Core/Src/sysmem.o
LOAD Core/Src/system_stm32h7xx.o
LOAD Core/Startup/startup_stm32h750vbtx.o
LOAD Drivers/STM32H7xx_HAL_Driver/Src/stm32h7xx_hal.o
LOAD Drivers/STM32H7xx_HAL_Driver/Src/stm32h7xx_hal_cortex.o
LOAD Drivers/STM32H7xx_HAL_Driver/Src/stm32h7xx_hal_dma.o
LOAD Drivers/STM32H7xx_HAL_Driver/Src/stm32h7xx_hal_dma_ex.o
LOAD Drivers/STM32H7xx_HAL_Driver/Src/stm32h7xx_hal_exti.o
LOAD Drivers/STM32H7xx_HAL_Driver/Src/stm32h7xx_hal_flash.o
LOAD Drivers/STM32H7xx_HAL_Driver/Src/stm32h7xx_hal_flash_ex.o
LOAD Drivers/STM32H7xx_HAL_Driver/Src/stm32h7xx_hal_gpio.o
LOAD Drivers/STM32H7xx_HAL_Driver/Src/stm32h7xx_hal_hsem.o
LOAD Drivers/STM32H7xx_HAL_Driver/Src/stm32h7xx_hal_i2c.o
LOAD Drivers/STM32H7xx_HAL_Driver/Src/stm32h7xx_hal_i2c_ex.o
LOAD Drivers/STM32H7xx_HAL_Driver/Src/stm32h7xx_hal_mdma.o
LOAD Drivers/STM32H7xx_HAL_Driver/Src/stm32h7xx_hal_pcd.o
LOAD Drivers/STM32H7xx_HAL_Driver/Src/stm32h7xx_hal_pcd_ex.o
LOAD Drivers/STM32H7xx_HAL_Driver/Src/stm32h7xx_hal_pwr.o
LOAD Drivers/STM32H7xx_HAL_Driver/Src/stm32h7xx_hal_pwr_ex.o
LOAD Drivers/STM32H7xx_HAL_Driver/Src/stm32h7xx_hal_rcc.o
LOAD Drivers/STM32H7xx_HAL_Driver/Src/stm32h7xx_hal_rcc_ex.o
LOAD Drivers/STM32H7xx_HAL_Driver/Src/stm32h7xx_hal_tim.o
LOAD Drivers/STM32H7xx_HAL_Driver/Src/stm32h7xx_hal_tim_ex.o
LOAD Drivers/STM32H7xx_HAL_Driver/Src/stm32h7xx_ll_usb.o
LOAD Middlewares/ST/STM32_USB_Device_Library/Class/AUDIO/Src/usbd_audio.o
LOAD Middlewares/ST/STM32_USB_Device_Library/Class/AUDIO/Src/usbd_audio_desc.o
LOAD Middlewares/ST/STM32_USB_Device_Library/Core/Src/usbd_core.o
LOAD Middlewares/ST/STM32_USB_Device_Library/Core/Src/usbd_ctlreq.o
LOAD Middlewares/ST/STM32_USB_Device_Library/Core/Src/usbd_ioreq.o
LOAD USB_DEVICE/App/usb_device.o
LOAD USB_DEVICE/App/usbd_audio_if.o
LOAD USB_DEVICE/App/usbd_desc.o
LOAD USB_DEVICE/Target/usbd_conf.o
START GROUP
LOAD c:/st/stm32cubeide_1.6.1/stm32cubeide/plugins/com.st.stm32cube.ide.mcu.externaltools.gnu-tools-for-stm32.9-2020-q2-update.win32_1.5.0.202011040924/tools/bin/../lib/gcc/arm-none-eabi/9.3.1/../../../../arm-none-eabi/lib/thumb/v7e-m+dp/hard\libc_nano.a
LOAD c:/st/stm32cubeide_1.6.1/stm32cubeide/plugins/com.st.stm32cube.ide.mcu.externaltools.gnu-tools-for-stm32.9-2020-q2-update.win32_1.5.0.202011040924/tools/bin/../lib/gcc/arm-none-eabi/9.3.1/../../../../arm-none-eabi/lib/thumb/v7e-m+dp/hard\libm.a
END GROUP
START GROUP
LOAD c:/st/stm32cubeide_1.6.1/stm32cubeide/plugins/com.st.stm32cube.ide.mcu.externaltools.gnu-tools-for-stm32.9-2020-q2-update.win32_1.5.0.202011040924/tools/bin/../lib/gcc/arm-none-eabi/9.3.1/thumb/v7e-m+dp/hard\libgcc.a
LOAD c:/st/stm32cubeide_1.6.1/stm32cubeide/plugins/com.st.stm32cube.ide.mcu.externaltools.gnu-tools-for-stm32.9-2020-q2-update.win32_1.5.0.202011040924/tools/bin/../lib/gcc/arm-none-eabi/9.3.1/../../../../arm-none-eabi/lib/thumb/v7e-m+dp/hard\libc_nano.a
END GROUP
START GROUP
LOAD c:/st/stm32cubeide_1.6.1/stm32cubeide/plugins/com.st.stm32cube.ide.mcu.externaltools.gnu-tools-for-stm32.9-2020-q2-update.win32_1.5.0.202011040924/tools/bin/../lib/gcc/arm-none-eabi/9.3.1/thumb/v7e-m+dp/hard\libgcc.a
LOAD c:/st/stm32cubeide_1.6.1/stm32cubeide/plugins/com.st.stm32cube.ide.mcu.externaltools.gnu-tools-for-stm32.9-2020-q2-update.win32_1.5.0.202011040924/tools/bin/../lib/gcc/arm-none-eabi/9.3.1/../../../../arm-none-eabi/lib/thumb/v7e-m+dp/hard\libc_nano.a
LOAD c:/st/stm32cubeide_1.6.1/stm32cubeide/plugins/com.st.stm32cube.ide.mcu.externaltools.gnu-tools-for-stm32.9-2020-q2-update.win32_1.5.0.202011040924/tools/bin/../lib/gcc/arm-none-eabi/9.3.1/../../../../arm-none-eabi/lib/thumb/v7e-m+dp/hard\libnosys.a
END GROUP
START GROUP
LOAD c:/st/stm32cubeide_1.6.1/stm32cubeide/plugins/com.st.stm32cube.ide.mcu.externaltools.gnu-tools-for-stm32.9-2020-q2-update.win32_1.5.0.202011040924/tools/bin/../lib/gcc/arm-none-eabi/9.3.1/thumb/v7e-m+dp/hard\libgcc.a
LOAD c:/st/stm32cubeide_1.6.1/stm32cubeide/plugins/com.st.stm32cube.ide.mcu.externaltools.gnu-tools-for-stm32.9-2020-q2-update.win32_1.5.0.202011040924/tools/bin/../lib/gcc/arm-none-eabi/9.3.1/../../../../arm-none-eabi/lib/thumb/v7e-m+dp/hard\libc_nano.a
LOAD c:/st/stm32cubeide_1.6.1/stm32cubeide/plugins/com.st.stm32cube.ide.mcu.externaltools.gnu-tools-for-stm32.9-2020-q2-update.win32_1.5.0.202011040924/tools/bin/../lib/gcc/arm-none-eabi/9.3.1/../../../../arm-none-eabi/lib/thumb/v7e-m+dp/hard\libnosys.a
END GROUP
LOAD c:/st/stm32cubeide_1.6.1/stm32cubeide/plugins/com.st.stm32cube.ide.mcu.externaltools.gnu-tools-for-stm32.9-2020-q2-update.win32_1.5.0.202011040924/tools/bin/../lib/gcc/arm-none-eabi/9.3.1/thumb/v7e-m+dp/hard/crtend.o
LOAD c:/st/stm32cubeide_1.6.1/stm32cubeide/plugins/com.st.stm32cube.ide.mcu.externaltools.gnu-tools-for-stm32.9-2020-q2-update.win32_1.5.0.202011040924/tools/bin/../lib/gcc/arm-none-eabi/9.3.1/thumb/v7e-m+dp/hard/crtn.o
                0x0000000020020000                _estack = 0x20020000
                0x0000000000000200                _Min_Heap_Size = 0x200
                0x0000000000000400                _Min_Stack_Size = 0x400

.isr_vector     0x0000000008000000      0x298
                0x0000000008000000                . = ALIGN (0x4)
 *(.isr_vector)
 .isr_vector    0x0000000008000000      0x298 Core/Startup/startup_stm32h750vbtx.o
                0x0000000008000000                g_pfnVectors
                0x0000000008000298                . = ALIGN (0x4)

.text           0x0000000008000298     0x54a4
                0x0000000008000298                . = ALIGN (0x4)
 *(.text)
 .text          0x0000000008000298       0x40 c:/st/stm32cubeide_1.6.1/stm32cubeide/plugins/com.st.stm32cube.ide.mcu.externaltools.gnu-tools-for-stm32.9-2020-q2-update.win32_1.5.0.202011040924/tools/bin/../lib/gcc/arm-none-eabi/9.3.1/thumb/v7e-m+dp/hard/crtbegin.o
 *(.text*)
 .text.system_init
                0x00000000080002d8      0x16c Core/Src/drv/clock.o
                0x00000000080002d8                system_init
 .text._delayMs
                0x0000000008000444       0x1c Core/Src/drv/clock.o
                0x0000000008000444                _delayMs
 .text.usb_clock_init
                0x0000000008000460       0x58 Core/Src/drv/clock.o
                0x0000000008000460                usb_clock_init
 .text.es8388_set_output_volume
                0x00000000080004b8       0x44 Core/Src/drv/es8388.o
                0x00000000080004b8                es8388_set_output_volume
 .text.es8388_set_dac_attenuation
                0x00000000080004fc       0x40 Core/Src/drv/es8388.o
                0x00000000080004fc                es8388_set_dac_attenuation
 .text.es8388_set_dac_gain
                0x000000000800053c       0x22 Core/Src/drv/es8388.o
                0x000000000800053c                es8388_set_dac_gain
 *fill*         0x000000000800055e        0x2 
 .text.es8388_set_output_mixer
                0x0000000008000560       0x4c Core/Src/drv/es8388.o
                0x0000000008000560                es8388_set_output_mixer
 .text.es8388_set_pga_gain_both
                0x00000000080005ac       0x54 Core/Src/drv/es8388.o
                0x00000000080005ac                es8388_set_pga_gain_both
 .text.es8388_set_input
                0x0000000008000600       0x1e Core/Src/drv/es8388.o
                0x0000000008000600                es8388_set_input
 *fill*         0x000000000800061e        0x2 
 .text.es8388_set_adc_attenuation
                0x0000000008000620       0x40 Core/Src/drv/es8388.o
                0x0000000008000620                es8388_set_adc_attenuation
 .text.es8388_init
                0x0000000008000660      0x17c Core/Src/drv/es8388.o
                0x0000000008000660                es8388_init
 .text.i2c1_init
                0x00000000080007dc      0x140 Core/Src/drv/i2c1.o
                0x00000000080007dc                i2c1_init
 .text.I2C1_ER_IRQHandler
                0x000000000800091c       0x24 Core/Src/drv/i2c1.o
                0x000000000800091c                I2C1_ER_IRQHandler
 .text.i2c1_waitBit
                0x0000000008000940       0x3c Core/Src/drv/i2c1.o
                0x0000000008000940                i2c1_waitBit
 .text.i2c1_transmission_start
                0x000000000800097c       0x98 Core/Src/drv/i2c1.o
                0x000000000800097c                i2c1_transmission_start
 .text.i2c1_transmission_end
                0x0000000008000a14        0xa Core/Src/drv/i2c1.o
                0x0000000008000a14                i2c1_transmission_end
 *fill*         0x0000000008000a1e        0x2 
 .text.i2c1_transmission_write8
                0x0000000008000a20       0x18 Core/Src/drv/i2c1.o
                0x0000000008000a20                i2c1_transmission_write8
 .text.i2c1_write_blocking
                0x0000000008000a38       0x40 Core/Src/drv/i2c1.o
                0x0000000008000a38                i2c1_write_blocking
 .text.i2c1_writeRegister8
                0x0000000008000a78       0x1e Core/Src/drv/i2c1.o
                0x0000000008000a78                i2c1_writeRegister8
 *fill*         0x0000000008000a96        0x2 
 .text.i2sclock_init
                0x0000000008000a98       0x88 Core/Src/drv/i2s_clock.o
                0x0000000008000a98                i2sclock_init
 .text.i2sclock_select
                0x0000000008000b20      0x114 Core/Src/drv/i2s_clock.o
                0x0000000008000b20                i2sclock_select
 .text.mpu_init
                0x0000000008000c34       0x34 Core/Src/drv/mpu.o
                0x0000000008000c34                mpu_init
 .text.sai_global_init
                0x0000000008000c68       0xa4 Core/Src/drv/sai.o
                0x0000000008000c68                sai_global_init
 .text.sai_block_init
                0x0000000008000d0c       0xd0 Core/Src/drv/sai.o
                0x0000000008000d0c                sai_block_init
 .text.sai_init_pins
                0x0000000008000ddc      0x170 Core/Src/drv/sai.o
                0x0000000008000ddc                sai_init_pins
 .text.sai_enable
                0x0000000008000f4c       0x1c Core/Src/drv/sai.o
                0x0000000008000f4c                sai_enable
 .text.sai_disable
                0x0000000008000f68       0x34 Core/Src/drv/sai.o
                0x0000000008000f68                sai_disable
 .text.sai_init
                0x0000000008000f9c       0x54 Core/Src/drv/sai.o
                0x0000000008000f9c                sai_init
 .text.sai_instance_dma_configure
                0x0000000008000ff0      0x1ac Core/Src/drv/sai.o
                0x0000000008000ff0                sai_instance_dma_configure
 .text.sai_instance_dma_stop
                0x000000000800119c       0x1c Core/Src/drv/sai.o
                0x000000000800119c                sai_instance_dma_stop
 .text.DMA2_Stream0_IRQHandler
                0x00000000080011b8       0xfc Core/Src/drv/sai.o
                0x00000000080011b8                DMA2_Stream0_IRQHandler
 .text.usb_timer_init
                0x00000000080012b4       0xe8 Core/Src/drv/usb_timer.o
                0x00000000080012b4                usb_timer_init
 .text.TIM5_IRQHandler
                0x000000000800139c       0x40 Core/Src/drv/usb_timer.o
                0x000000000800139c                TIM5_IRQHandler
 .text.usb_fb_value
                0x00000000080013dc        0xc Core/Src/drv/usb_timer.o
                0x00000000080013dc                usb_fb_value
 .text.main     0x00000000080013e8      0x134 Core/Src/main.o
                0x00000000080013e8                main
 .text.Error_Handler
                0x000000000800151c        0x4 Core/Src/main.o
                0x000000000800151c                Error_Handler
 .text.HAL_MspInit
                0x0000000008001520       0x24 Core/Src/stm32h7xx_hal_msp.o
                0x0000000008001520                HAL_MspInit
 .text.NMI_Handler
                0x0000000008001544        0x2 Core/Src/stm32h7xx_it.o
                0x0000000008001544                NMI_Handler
 .text.HardFault_Handler
                0x0000000008001546        0x2 Core/Src/stm32h7xx_it.o
                0x0000000008001546                HardFault_Handler
 .text.MemManage_Handler
                0x0000000008001548        0x2 Core/Src/stm32h7xx_it.o
                0x0000000008001548                MemManage_Handler
 .text.BusFault_Handler
                0x000000000800154a        0x2 Core/Src/stm32h7xx_it.o
                0x000000000800154a                BusFault_Handler
 .text.UsageFault_Handler
                0x000000000800154c        0x2 Core/Src/stm32h7xx_it.o
                0x000000000800154c                UsageFault_Handler
 .text.SVC_Handler
                0x000000000800154e        0x2 Core/Src/stm32h7xx_it.o
                0x000000000800154e                SVC_Handler
 .text.DebugMon_Handler
                0x0000000008001550        0x2 Core/Src/stm32h7xx_it.o
                0x0000000008001550                DebugMon_Handler
 .text.PendSV_Handler
                0x0000000008001552        0x2 Core/Src/stm32h7xx_it.o
                0x0000000008001552                PendSV_Handler
 .text.SysTick_Handler
                0x0000000008001554        0x8 Core/Src/stm32h7xx_it.o
                0x0000000008001554                SysTick_Handler
 .text.OTG_HS_IRQHandler
                0x000000000800155c       0x10 Core/Src/stm32h7xx_it.o
                0x000000000800155c                OTG_HS_IRQHandler
 .text.SystemInit
                0x000000000800156c       0xcc Core/Src/system_stm32h7xx.o
                0x000000000800156c                SystemInit
 .text.Reset_Handler
                0x0000000008001638       0x50 Core/Startup/startup_stm32h750vbtx.o
                0x0000000008001638                Reset_Handler
 .text.Default_Handler
                0x0000000008001688        0x2 Core/Startup/startup_stm32h750vbtx.o
                0x0000000008001688                RTC_Alarm_IRQHandler
                0x0000000008001688                HASH_RNG_IRQHandler
                0x0000000008001688                EXTI2_IRQHandler
                0x0000000008001688                TIM8_CC_IRQHandler
                0x0000000008001688                HRTIM1_Master_IRQHandler
                0x0000000008001688                UART8_IRQHandler
                0x0000000008001688                SPI4_IRQHandler
                0x0000000008001688                TIM1_CC_IRQHandler
                0x0000000008001688                BDMA_Channel6_IRQHandler
                0x0000000008001688                DMA2_Stream5_IRQHandler
                0x0000000008001688                HRTIM1_FLT_IRQHandler
                0x0000000008001688                JPEG_IRQHandler
                0x0000000008001688                DMA1_Stream5_IRQHandler
                0x0000000008001688                BDMA_Channel1_IRQHandler
                0x0000000008001688                HRTIM1_TIMD_IRQHandler
                0x0000000008001688                TAMP_STAMP_IRQHandler
                0x0000000008001688                EXTI3_IRQHandler
                0x0000000008001688                LPTIM4_IRQHandler
                0x0000000008001688                TIM8_TRG_COM_TIM14_IRQHandler
                0x0000000008001688                LPTIM2_IRQHandler
                0x0000000008001688                DFSDM1_FLT1_IRQHandler
                0x0000000008001688                DMAMUX2_OVR_IRQHandler
                0x0000000008001688                TIM8_UP_TIM13_IRQHandler
                0x0000000008001688                I2C3_ER_IRQHandler
                0x0000000008001688                DFSDM1_FLT2_IRQHandler
                0x0000000008001688                MDMA_IRQHandler
                0x0000000008001688                LPTIM3_IRQHandler
                0x0000000008001688                HSEM1_IRQHandler
                0x0000000008001688                EXTI0_IRQHandler
                0x0000000008001688                I2C2_EV_IRQHandler
                0x0000000008001688                DMA1_Stream2_IRQHandler
                0x0000000008001688                FPU_IRQHandler
                0x0000000008001688                OTG_HS_WKUP_IRQHandler
                0x0000000008001688                FDCAN1_IT1_IRQHandler
                0x0000000008001688                LTDC_ER_IRQHandler
                0x0000000008001688                DMA2_Stream2_IRQHandler
                0x0000000008001688                HRTIM1_TIME_IRQHandler
                0x0000000008001688                SPI1_IRQHandler
                0x0000000008001688                TIM6_DAC_IRQHandler
                0x0000000008001688                DCMI_IRQHandler
                0x0000000008001688                HRTIM1_TIMC_IRQHandler
                0x0000000008001688                DMA2_Stream3_IRQHandler
                0x0000000008001688                SAI2_IRQHandler
                0x0000000008001688                DFSDM1_FLT3_IRQHandler
                0x0000000008001688                USART6_IRQHandler
                0x0000000008001688                TIM17_IRQHandler
                0x0000000008001688                USART3_IRQHandler
                0x0000000008001688                BDMA_Channel7_IRQHandler
                0x0000000008001688                CRYP_IRQHandler
                0x0000000008001688                LPTIM5_IRQHandler
                0x0000000008001688                UART5_IRQHandler
                0x0000000008001688                ADC3_IRQHandler
                0x0000000008001688                TIM4_IRQHandler
                0x0000000008001688                BDMA_Channel2_IRQHandler
                0x0000000008001688                QUADSPI_IRQHandler
                0x0000000008001688                I2C1_EV_IRQHandler
                0x0000000008001688                DMA1_Stream6_IRQHandler
                0x0000000008001688                DMAMUX1_OVR_IRQHandler
                0x0000000008001688                DMA1_Stream1_IRQHandler
                0x0000000008001688                TIM16_IRQHandler
                0x0000000008001688                UART4_IRQHandler
                0x0000000008001688                BDMA_Channel5_IRQHandler
                0x0000000008001688                TIM3_IRQHandler
                0x0000000008001688                RCC_IRQHandler
                0x0000000008001688                TIM8_BRK_TIM12_IRQHandler
                0x0000000008001688                TIM1_TRG_COM_IRQHandler
                0x0000000008001688                Default_Handler
                0x0000000008001688                ECC_IRQHandler
                0x0000000008001688                CEC_IRQHandler
                0x0000000008001688                EXTI15_10_IRQHandler
                0x0000000008001688                BDMA_Channel0_IRQHandler
                0x0000000008001688                ADC_IRQHandler
                0x0000000008001688                DMA1_Stream7_IRQHandler
                0x0000000008001688                HRTIM1_TIMA_IRQHandler
                0x0000000008001688                SPI5_IRQHandler
                0x0000000008001688                TIM7_IRQHandler
                0x0000000008001688                SDMMC1_IRQHandler
                0x0000000008001688                DMA2_Stream7_IRQHandler
                0x0000000008001688                TIM15_IRQHandler
                0x0000000008001688                PVD_AVD_IRQHandler
                0x0000000008001688                I2C3_EV_IRQHandler
                0x0000000008001688                EXTI9_5_IRQHandler
                0x0000000008001688                RTC_WKUP_IRQHandler
                0x0000000008001688                LTDC_IRQHandler
                0x0000000008001688                SAI3_IRQHandler
                0x0000000008001688                ETH_WKUP_IRQHandler
                0x0000000008001688                SPDIF_RX_IRQHandler
                0x0000000008001688                SPI2_IRQHandler
                0x0000000008001688                OTG_HS_EP1_IN_IRQHandler
                0x0000000008001688                DMA1_Stream0_IRQHandler
                0x0000000008001688                CRS_IRQHandler
                0x0000000008001688                EXTI4_IRQHandler
                0x0000000008001688                HRTIM1_TIMB_IRQHandler
                0x0000000008001688                FDCAN2_IT1_IRQHandler
                0x0000000008001688                ETH_IRQHandler
                0x0000000008001688                TIM1_UP_IRQHandler
                0x0000000008001688                BDMA_Channel4_IRQHandler
                0x0000000008001688                OTG_HS_EP1_OUT_IRQHandler
                0x0000000008001688                WWDG_IRQHandler
                0x0000000008001688                SPI6_IRQHandler
                0x0000000008001688                MDIOS_IRQHandler
                0x0000000008001688                I2C4_EV_IRQHandler
                0x0000000008001688                FDCAN2_IT0_IRQHandler
                0x0000000008001688                LPUART1_IRQHandler
                0x0000000008001688                FDCAN1_IT0_IRQHandler
                0x0000000008001688                TIM2_IRQHandler
                0x0000000008001688                OTG_FS_WKUP_IRQHandler
                0x0000000008001688                DMA2D_IRQHandler
                0x0000000008001688                TIM1_BRK_IRQHandler
                0x0000000008001688                EXTI1_IRQHandler
                0x0000000008001688                SDMMC2_IRQHandler
                0x0000000008001688                OTG_FS_EP1_OUT_IRQHandler
                0x0000000008001688                BDMA_Channel3_IRQHandler
                0x0000000008001688                UART7_IRQHandler
                0x0000000008001688                MDIOS_WKUP_IRQHandler
                0x0000000008001688                USART2_IRQHandler
                0x0000000008001688                DFSDM1_FLT0_IRQHandler
                0x0000000008001688                SAI4_IRQHandler
                0x0000000008001688                I2C2_ER_IRQHandler
                0x0000000008001688                DMA2_Stream1_IRQHandler
                0x0000000008001688                FLASH_IRQHandler
                0x0000000008001688                DMA2_Stream4_IRQHandler
                0x0000000008001688                USART1_IRQHandler
                0x0000000008001688                OTG_FS_IRQHandler
                0x0000000008001688                SPI3_IRQHandler
                0x0000000008001688                WAKEUP_PIN_IRQHandler
                0x0000000008001688                DMA1_Stream4_IRQHandler
                0x0000000008001688                OTG_FS_EP1_IN_IRQHandler
                0x0000000008001688                FMC_IRQHandler
                0x0000000008001688                FDCAN_CAL_IRQHandler
                0x0000000008001688                SWPMI1_IRQHandler
                0x0000000008001688                COMP1_IRQHandler
                0x0000000008001688                LPTIM1_IRQHandler
                0x0000000008001688                I2C4_ER_IRQHandler
                0x0000000008001688                DMA2_Stream6_IRQHandler
                0x0000000008001688                SAI1_IRQHandler
                0x0000000008001688                DMA1_Stream3_IRQHandler
 *fill*         0x000000000800168a        0x2 
 .text.HAL_InitTick
                0x000000000800168c       0x50 Drivers/STM32H7xx_HAL_Driver/Src/stm32h7xx_hal.o
                0x000000000800168c                HAL_InitTick
 .text.HAL_Init
                0x00000000080016dc       0x5c Drivers/STM32H7xx_HAL_Driver/Src/stm32h7xx_hal.o
                0x00000000080016dc                HAL_Init
 .text.HAL_IncTick
                0x0000000008001738       0x18 Drivers/STM32H7xx_HAL_Driver/Src/stm32h7xx_hal.o
                0x0000000008001738                HAL_IncTick
 .text.HAL_GetTick
                0x0000000008001750        0xc Drivers/STM32H7xx_HAL_Driver/Src/stm32h7xx_hal.o
                0x0000000008001750                HAL_GetTick
 .text.HAL_Delay
                0x000000000800175c       0x28 Drivers/STM32H7xx_HAL_Driver/Src/stm32h7xx_hal.o
                0x000000000800175c                HAL_Delay
 .text.HAL_NVIC_SetPriorityGrouping
                0x0000000008001784       0x24 Drivers/STM32H7xx_HAL_Driver/Src/stm32h7xx_hal_cortex.o
                0x0000000008001784                HAL_NVIC_SetPriorityGrouping
 .text.HAL_NVIC_SetPriority
                0x00000000080017a8       0x64 Drivers/STM32H7xx_HAL_Driver/Src/stm32h7xx_hal_cortex.o
                0x00000000080017a8                HAL_NVIC_SetPriority
 .text.HAL_NVIC_EnableIRQ
                0x000000000800180c       0x1c Drivers/STM32H7xx_HAL_Driver/Src/stm32h7xx_hal_cortex.o
                0x000000000800180c                HAL_NVIC_EnableIRQ
 .text.HAL_SYSTICK_Config
                0x0000000008001828       0x2c Drivers/STM32H7xx_HAL_Driver/Src/stm32h7xx_hal_cortex.o
                0x0000000008001828                HAL_SYSTICK_Config
 .text.HAL_GPIO_Init
                0x0000000008001854      0x1ec Drivers/STM32H7xx_HAL_Driver/Src/stm32h7xx_hal_gpio.o
                0x0000000008001854                HAL_GPIO_Init
 .text.PCD_WriteEmptyTxFifo
                0x0000000008001a40       0xd2 Drivers/STM32H7xx_HAL_Driver/Src/stm32h7xx_hal_pcd.o
 .text.HAL_PCD_Init
                0x0000000008001b12      0x134 Drivers/STM32H7xx_HAL_Driver/Src/stm32h7xx_hal_pcd.o
                0x0000000008001b12                HAL_PCD_Init
 .text.HAL_PCD_Start
                0x0000000008001c46       0x42 Drivers/STM32H7xx_HAL_Driver/Src/stm32h7xx_hal_pcd.o
                0x0000000008001c46                HAL_PCD_Start
 .text.PCD_EP_OutXfrComplete_int
                0x0000000008001c88       0xf8 Drivers/STM32H7xx_HAL_Driver/Src/stm32h7xx_hal_pcd.o
 .text.PCD_EP_OutSetupPacket_int
                0x0000000008001d80       0x50 Drivers/STM32H7xx_HAL_Driver/Src/stm32h7xx_hal_pcd.o
 .text.HAL_PCD_IRQHandler
                0x0000000008001dd0      0x4ec Drivers/STM32H7xx_HAL_Driver/Src/stm32h7xx_hal_pcd.o
                0x0000000008001dd0                HAL_PCD_IRQHandler
 .text.HAL_PCD_SetAddress
                0x00000000080022bc       0x28 Drivers/STM32H7xx_HAL_Driver/Src/stm32h7xx_hal_pcd.o
                0x00000000080022bc                HAL_PCD_SetAddress
 .text.HAL_PCD_EP_Open
                0x00000000080022e4       0x9c Drivers/STM32H7xx_HAL_Driver/Src/stm32h7xx_hal_pcd.o
                0x00000000080022e4                HAL_PCD_EP_Open
 .text.HAL_PCD_EP_Close
                0x0000000008002380       0x72 Drivers/STM32H7xx_HAL_Driver/Src/stm32h7xx_hal_pcd.o
                0x0000000008002380                HAL_PCD_EP_Close
 .text.HAL_PCD_EP_Receive
                0x00000000080023f2       0x5e Drivers/STM32H7xx_HAL_Driver/Src/stm32h7xx_hal_pcd.o
                0x00000000080023f2                HAL_PCD_EP_Receive
 .text.HAL_PCD_EP_GetRxCount
                0x0000000008002450       0x12 Drivers/STM32H7xx_HAL_Driver/Src/stm32h7xx_hal_pcd.o
                0x0000000008002450                HAL_PCD_EP_GetRxCount
 .text.HAL_PCD_EP_Transmit
                0x0000000008002462       0x56 Drivers/STM32H7xx_HAL_Driver/Src/stm32h7xx_hal_pcd.o
                0x0000000008002462                HAL_PCD_EP_Transmit
 .text.HAL_PCD_EP_SetStall
                0x00000000080024b8       0x88 Drivers/STM32H7xx_HAL_Driver/Src/stm32h7xx_hal_pcd.o
                0x00000000080024b8                HAL_PCD_EP_SetStall
 .text.HAL_PCD_EP_ClrStall
                0x0000000008002540       0x76 Drivers/STM32H7xx_HAL_Driver/Src/stm32h7xx_hal_pcd.o
                0x0000000008002540                HAL_PCD_EP_ClrStall
 .text.HAL_PCD_EP_Flush
                0x00000000080025b6       0x36 Drivers/STM32H7xx_HAL_Driver/Src/stm32h7xx_hal_pcd.o
                0x00000000080025b6                HAL_PCD_EP_Flush
 .text.HAL_PCDEx_SetTxFiFo
                0x00000000080025ec       0x48 Drivers/STM32H7xx_HAL_Driver/Src/stm32h7xx_hal_pcd_ex.o
                0x00000000080025ec                HAL_PCDEx_SetTxFiFo
 .text.HAL_PCDEx_SetRxFiFo
                0x0000000008002634        0x8 Drivers/STM32H7xx_HAL_Driver/Src/stm32h7xx_hal_pcd_ex.o
                0x0000000008002634                HAL_PCDEx_SetRxFiFo
 .text.HAL_PCDEx_ActivateLPM
                0x000000000800263c       0x28 Drivers/STM32H7xx_HAL_Driver/Src/stm32h7xx_hal_pcd_ex.o
                0x000000000800263c                HAL_PCDEx_ActivateLPM
 .text.HAL_PCDEx_LPM_Callback
                0x0000000008002664        0x2 Drivers/STM32H7xx_HAL_Driver/Src/stm32h7xx_hal_pcd_ex.o
                0x0000000008002664                HAL_PCDEx_LPM_Callback
 *fill*         0x0000000008002666        0x2 
 .text.HAL_PWREx_EnableUSBVoltageDetector
                0x0000000008002668       0x10 Drivers/STM32H7xx_HAL_Driver/Src/stm32h7xx_hal_pwr_ex.o
                0x0000000008002668                HAL_PWREx_EnableUSBVoltageDetector
 .text.HAL_RCC_GetSysClockFreq
                0x0000000008002678      0x1f4 Drivers/STM32H7xx_HAL_Driver/Src/stm32h7xx_hal_rcc.o
                0x0000000008002678                HAL_RCC_GetSysClockFreq
 .text.HAL_RCC_GetHCLKFreq
                0x000000000800286c       0x44 Drivers/STM32H7xx_HAL_Driver/Src/stm32h7xx_hal_rcc.o
                0x000000000800286c                HAL_RCC_GetHCLKFreq
 .text.RCCEx_PLL2_Config
                0x00000000080028b0      0x10c Drivers/STM32H7xx_HAL_Driver/Src/stm32h7xx_hal_rcc_ex.o
 .text.RCCEx_PLL3_Config
                0x00000000080029bc      0x10c Drivers/STM32H7xx_HAL_Driver/Src/stm32h7xx_hal_rcc_ex.o
 .text.HAL_RCCEx_PeriphCLKConfig
                0x0000000008002ac8      0x9c4 Drivers/STM32H7xx_HAL_Driver/Src/stm32h7xx_hal_rcc_ex.o
                0x0000000008002ac8                HAL_RCCEx_PeriphCLKConfig
 .text.USB_CoreReset
                0x000000000800348c       0x4c Drivers/STM32H7xx_HAL_Driver/Src/stm32h7xx_ll_usb.o
 .text.USB_CoreInit
                0x00000000080034d8       0x9c Drivers/STM32H7xx_HAL_Driver/Src/stm32h7xx_ll_usb.o
                0x00000000080034d8                USB_CoreInit
 .text.USB_SetTurnaroundTime
                0x0000000008003574       0xe4 Drivers/STM32H7xx_HAL_Driver/Src/stm32h7xx_ll_usb.o
                0x0000000008003574                USB_SetTurnaroundTime
 .text.USB_EnableGlobalInt
                0x0000000008003658        0xc Drivers/STM32H7xx_HAL_Driver/Src/stm32h7xx_ll_usb.o
                0x0000000008003658                USB_EnableGlobalInt
 .text.USB_DisableGlobalInt
                0x0000000008003664        0xc Drivers/STM32H7xx_HAL_Driver/Src/stm32h7xx_ll_usb.o
                0x0000000008003664                USB_DisableGlobalInt
 .text.USB_FlushTxFifo
                0x0000000008003670       0x4c Drivers/STM32H7xx_HAL_Driver/Src/stm32h7xx_ll_usb.o
                0x0000000008003670                USB_FlushTxFifo
 .text.USB_FlushRxFifo
                0x00000000080036bc       0x48 Drivers/STM32H7xx_HAL_Driver/Src/stm32h7xx_ll_usb.o
                0x00000000080036bc                USB_FlushRxFifo
 .text.USB_SetDevSpeed
                0x0000000008003704        0xe Drivers/STM32H7xx_HAL_Driver/Src/stm32h7xx_ll_usb.o
                0x0000000008003704                USB_SetDevSpeed
 *fill*         0x0000000008003712        0x2 
 .text.USB_DevInit
                0x0000000008003714      0x190 Drivers/STM32H7xx_HAL_Driver/Src/stm32h7xx_ll_usb.o
                0x0000000008003714                USB_DevInit
 .text.USB_GetDevSpeed
                0x00000000080038a4       0x1e Drivers/STM32H7xx_HAL_Driver/Src/stm32h7xx_ll_usb.o
                0x00000000080038a4                USB_GetDevSpeed
 *fill*         0x00000000080038c2        0x2 
 .text.USB_ActivateEndpoint
                0x00000000080038c4       0x90 Drivers/STM32H7xx_HAL_Driver/Src/stm32h7xx_ll_usb.o
                0x00000000080038c4                USB_ActivateEndpoint
 .text.USB_DeactivateEndpoint
                0x0000000008003954       0xdc Drivers/STM32H7xx_HAL_Driver/Src/stm32h7xx_ll_usb.o
                0x0000000008003954                USB_DeactivateEndpoint
 .text.USB_EP0StartXfer
                0x0000000008003a30      0x118 Drivers/STM32H7xx_HAL_Driver/Src/stm32h7xx_ll_usb.o
                0x0000000008003a30                USB_EP0StartXfer
 .text.USB_WritePacket
                0x0000000008003b48       0x28 Drivers/STM32H7xx_HAL_Driver/Src/stm32h7xx_ll_usb.o
                0x0000000008003b48                USB_WritePacket
 .text.USB_EPStartXfer
                0x0000000008003b70      0x214 Drivers/STM32H7xx_HAL_Driver/Src/stm32h7xx_ll_usb.o
                0x0000000008003b70                USB_EPStartXfer
 .text.USB_ReadPacket
                0x0000000008003d84       0x4c Drivers/STM32H7xx_HAL_Driver/Src/stm32h7xx_ll_usb.o
                0x0000000008003d84                USB_ReadPacket
 .text.USB_EPSetStall
                0x0000000008003dd0       0x5a Drivers/STM32H7xx_HAL_Driver/Src/stm32h7xx_ll_usb.o
                0x0000000008003dd0                USB_EPSetStall
 .text.USB_EPClearStall
                0x0000000008003e2a       0x5c Drivers/STM32H7xx_HAL_Driver/Src/stm32h7xx_ll_usb.o
                0x0000000008003e2a                USB_EPClearStall
 .text.USB_SetDevAddress
                0x0000000008003e86       0x20 Drivers/STM32H7xx_HAL_Driver/Src/stm32h7xx_ll_usb.o
                0x0000000008003e86                USB_SetDevAddress
 .text.USB_DevConnect
                0x0000000008003ea6       0x1c Drivers/STM32H7xx_HAL_Driver/Src/stm32h7xx_ll_usb.o
                0x0000000008003ea6                USB_DevConnect
 .text.USB_DevDisconnect
                0x0000000008003ec2       0x1c Drivers/STM32H7xx_HAL_Driver/Src/stm32h7xx_ll_usb.o
                0x0000000008003ec2                USB_DevDisconnect
 .text.USB_ReadInterrupts
                0x0000000008003ede        0x8 Drivers/STM32H7xx_HAL_Driver/Src/stm32h7xx_ll_usb.o
                0x0000000008003ede                USB_ReadInterrupts
 .text.USB_ReadDevAllOutEpInterrupt
                0x0000000008003ee6       0x10 Drivers/STM32H7xx_HAL_Driver/Src/stm32h7xx_ll_usb.o
                0x0000000008003ee6                USB_ReadDevAllOutEpInterrupt
 .text.USB_ReadDevAllInEpInterrupt
                0x0000000008003ef6       0x10 Drivers/STM32H7xx_HAL_Driver/Src/stm32h7xx_ll_usb.o
                0x0000000008003ef6                USB_ReadDevAllInEpInterrupt
 .text.USB_ReadDevOutEPInterrupt
                0x0000000008003f06       0x12 Drivers/STM32H7xx_HAL_Driver/Src/stm32h7xx_ll_usb.o
                0x0000000008003f06                USB_ReadDevOutEPInterrupt
 .text.USB_ReadDevInEPInterrupt
                0x0000000008003f18       0x28 Drivers/STM32H7xx_HAL_Driver/Src/stm32h7xx_ll_usb.o
                0x0000000008003f18                USB_ReadDevInEPInterrupt
 .text.USB_GetMode
                0x0000000008003f40        0x8 Drivers/STM32H7xx_HAL_Driver/Src/stm32h7xx_ll_usb.o
                0x0000000008003f40                USB_GetMode
 .text.USB_SetCurrentMode
                0x0000000008003f48       0x62 Drivers/STM32H7xx_HAL_Driver/Src/stm32h7xx_ll_usb.o
                0x0000000008003f48                USB_SetCurrentMode
 *fill*         0x0000000008003faa        0x2 
 .text.USB_ActivateSetup
                0x0000000008003fac       0x20 Drivers/STM32H7xx_HAL_Driver/Src/stm32h7xx_ll_usb.o
                0x0000000008003fac                USB_ActivateSetup
 .text.USB_EP0_OutStart
                0x0000000008003fcc       0x60 Drivers/STM32H7xx_HAL_Driver/Src/stm32h7xx_ll_usb.o
                0x0000000008003fcc                USB_EP0_OutStart
 .text.USBD_AUDIO_GetCfgDesc
                0x000000000800402c        0xc Middlewares/ST/STM32_USB_Device_Library/Class/AUDIO/Src/usbd_audio.o
 .text.USBD_AUDIO_EP0_RxReady
                0x0000000008004038       0xd0 Middlewares/ST/STM32_USB_Device_Library/Class/AUDIO/Src/usbd_audio.o
 .text.USBD_AUDIO_EP0_TxReady
                0x0000000008004108        0x4 Middlewares/ST/STM32_USB_Device_Library/Class/AUDIO/Src/usbd_audio.o
 .text.USBD_AUDIO_GetDeviceQualifierDesc
                0x000000000800410c        0xc Middlewares/ST/STM32_USB_Device_Library/Class/AUDIO/Src/usbd_audio.o
 .text.USBD_AUDIO_IsoOutIncomplete
                0x0000000008004118       0x28 Middlewares/ST/STM32_USB_Device_Library/Class/AUDIO/Src/usbd_audio.o
 .text.USBD_AUDIO_IsoINIncomplete
                0x0000000008004140       0x1e Middlewares/ST/STM32_USB_Device_Library/Class/AUDIO/Src/usbd_audio.o
 *fill*         0x000000000800415e        0x2 
 .text.USBD_AUDIO_DataIn
                0x0000000008004160       0x30 Middlewares/ST/STM32_USB_Device_Library/Class/AUDIO/Src/usbd_audio.o
 .text.USBD_AUDIO_SOF
                0x0000000008004190       0xf0 Middlewares/ST/STM32_USB_Device_Library/Class/AUDIO/Src/usbd_audio.o
 .text.USBD_AUDIO_DataOut
                0x0000000008004280      0x100 Middlewares/ST/STM32_USB_Device_Library/Class/AUDIO/Src/usbd_audio.o
 .text.AUDIO_REQ_GetCurrent
                0x0000000008004380       0x48 Middlewares/ST/STM32_USB_Device_Library/Class/AUDIO/Src/usbd_audio.o
 .text.AUDIO_REQ_GetRange
                0x00000000080043c8       0xc8 Middlewares/ST/STM32_USB_Device_Library/Class/AUDIO/Src/usbd_audio.o
 .text.AUDIO_REQ_SetCurrent
                0x0000000008004490       0x36 Middlewares/ST/STM32_USB_Device_Library/Class/AUDIO/Src/usbd_audio.o
 .text.USBD_AUDIO_GetAudioHeaderDesc
                0x00000000080044c6       0x3c Middlewares/ST/STM32_USB_Device_Library/Class/AUDIO/Src/usbd_audio.o
 *fill*         0x0000000008004502        0x2 
 .text.USBD_AUDIO_Setup
                0x0000000008004504      0x120 Middlewares/ST/STM32_USB_Device_Library/Class/AUDIO/Src/usbd_audio.o
 .text.USBD_AUDIO_DeInit
                0x0000000008004624       0x2c Middlewares/ST/STM32_USB_Device_Library/Class/AUDIO/Src/usbd_audio.o
 .text.USBD_AUDIO_Init
                0x0000000008004650       0x88 Middlewares/ST/STM32_USB_Device_Library/Class/AUDIO/Src/usbd_audio.o
 .text.USBD_AUDIO_RegisterInterface
                0x00000000080046d8        0xe Middlewares/ST/STM32_USB_Device_Library/Class/AUDIO/Src/usbd_audio.o
                0x00000000080046d8                USBD_AUDIO_RegisterInterface
 .text.USBD_Init
                0x00000000080046e6       0x2e Middlewares/ST/STM32_USB_Device_Library/Core/Src/usbd_core.o
                0x00000000080046e6                USBD_Init
 .text.USBD_RegisterClass
                0x0000000008004714       0x2e Middlewares/ST/STM32_USB_Device_Library/Core/Src/usbd_core.o
                0x0000000008004714                USBD_RegisterClass
 .text.USBD_Start
                0x0000000008004742        0x8 Middlewares/ST/STM32_USB_Device_Library/Core/Src/usbd_core.o
                0x0000000008004742                USBD_Start
 .text.USBD_SetClassConfig
                0x000000000800474a       0x12 Middlewares/ST/STM32_USB_Device_Library/Core/Src/usbd_core.o
                0x000000000800474a                USBD_SetClassConfig
 .text.USBD_ClrClassConfig
                0x000000000800475c       0x10 Middlewares/ST/STM32_USB_Device_Library/Core/Src/usbd_core.o
                0x000000000800475c                USBD_ClrClassConfig
 .text.USBD_LL_SetupStage
                0x000000000800476c       0x58 Middlewares/ST/STM32_USB_Device_Library/Core/Src/usbd_core.o
                0x000000000800476c                USBD_LL_SetupStage
 .text.USBD_LL_DataOutStage
                0x00000000080047c4       0x78 Middlewares/ST/STM32_USB_Device_Library/Core/Src/usbd_core.o
                0x00000000080047c4                USBD_LL_DataOutStage
 .text.USBD_LL_DataInStage
                0x000000000800483c       0xbe Middlewares/ST/STM32_USB_Device_Library/Core/Src/usbd_core.o
                0x000000000800483c                USBD_LL_DataInStage
 .text.USBD_LL_Reset
                0x00000000080048fa       0x5a Middlewares/ST/STM32_USB_Device_Library/Core/Src/usbd_core.o
                0x00000000080048fa                USBD_LL_Reset
 .text.USBD_LL_SetSpeed
                0x0000000008004954        0x6 Middlewares/ST/STM32_USB_Device_Library/Core/Src/usbd_core.o
                0x0000000008004954                USBD_LL_SetSpeed
 .text.USBD_LL_Suspend
                0x000000000800495a       0x14 Middlewares/ST/STM32_USB_Device_Library/Core/Src/usbd_core.o
                0x000000000800495a                USBD_LL_Suspend
 .text.USBD_LL_Resume
                0x000000000800496e       0x1a Middlewares/ST/STM32_USB_Device_Library/Core/Src/usbd_core.o
                0x000000000800496e                USBD_LL_Resume
 .text.USBD_LL_SOF
                0x0000000008004988       0x28 Middlewares/ST/STM32_USB_Device_Library/Core/Src/usbd_core.o
                0x0000000008004988                USBD_LL_SOF
 .text.USBD_LL_IsoINIncomplete
                0x00000000080049b0       0x28 Middlewares/ST/STM32_USB_Device_Library/Core/Src/usbd_core.o
                0x00000000080049b0                USBD_LL_IsoINIncomplete
 .text.USBD_LL_IsoOUTIncomplete
                0x00000000080049d8       0x28 Middlewares/ST/STM32_USB_Device_Library/Core/Src/usbd_core.o
                0x00000000080049d8                USBD_LL_IsoOUTIncomplete
 .text.USBD_LL_DevConnected
                0x0000000008004a00        0x4 Middlewares/ST/STM32_USB_Device_Library/Core/Src/usbd_core.o
                0x0000000008004a00                USBD_LL_DevConnected
 .text.USBD_LL_DevDisconnected
                0x0000000008004a04       0x18 Middlewares/ST/STM32_USB_Device_Library/Core/Src/usbd_core.o
                0x0000000008004a04                USBD_LL_DevDisconnected
 .text.USBD_GetNextDesc
                0x0000000008004a1c        0xe Middlewares/ST/STM32_USB_Device_Library/Core/Src/usbd_core.o
                0x0000000008004a1c                USBD_GetNextDesc
 .text.USBD_GetLen
                0x0000000008004a2a       0x12 Middlewares/ST/STM32_USB_Device_Library/Core/Src/usbd_ctlreq.o
 .text.USBD_SetFeature
                0x0000000008004a3c       0x14 Middlewares/ST/STM32_USB_Device_Library/Core/Src/usbd_ctlreq.o
 .text.USBD_ParseSetupRequest
                0x0000000008004a50       0x28 Middlewares/ST/STM32_USB_Device_Library/Core/Src/usbd_ctlreq.o
                0x0000000008004a50                USBD_ParseSetupRequest
 .text.USBD_CtlError
                0x0000000008004a78       0x14 Middlewares/ST/STM32_USB_Device_Library/Core/Src/usbd_ctlreq.o
                0x0000000008004a78                USBD_CtlError
 .text.USBD_GetDescriptor
                0x0000000008004a8c      0x18a Middlewares/ST/STM32_USB_Device_Library/Core/Src/usbd_ctlreq.o
 .text.USBD_SetAddress
                0x0000000008004c16       0x50 Middlewares/ST/STM32_USB_Device_Library/Core/Src/usbd_ctlreq.o
 *fill*         0x0000000008004c66        0x2 
 .text.USBD_SetConfig
                0x0000000008004c68       0xc8 Middlewares/ST/STM32_USB_Device_Library/Core/Src/usbd_ctlreq.o
 .text.USBD_GetConfig
                0x0000000008004d30       0x40 Middlewares/ST/STM32_USB_Device_Library/Core/Src/usbd_ctlreq.o
 .text.USBD_GetStatus
                0x0000000008004d70       0x38 Middlewares/ST/STM32_USB_Device_Library/Core/Src/usbd_ctlreq.o
 .text.USBD_ClrFeature
                0x0000000008004da8       0x26 Middlewares/ST/STM32_USB_Device_Library/Core/Src/usbd_ctlreq.o
 .text.USBD_StdDevReq
                0x0000000008004dce       0x70 Middlewares/ST/STM32_USB_Device_Library/Core/Src/usbd_ctlreq.o
                0x0000000008004dce                USBD_StdDevReq
 .text.USBD_StdItfReq
                0x0000000008004e3e       0x68 Middlewares/ST/STM32_USB_Device_Library/Core/Src/usbd_ctlreq.o
                0x0000000008004e3e                USBD_StdItfReq
 .text.USBD_StdEPReq
                0x0000000008004ea6      0x21a Middlewares/ST/STM32_USB_Device_Library/Core/Src/usbd_ctlreq.o
                0x0000000008004ea6                USBD_StdEPReq
 .text.USBD_GetString
                0x00000000080050c0       0x36 Middlewares/ST/STM32_USB_Device_Library/Core/Src/usbd_ctlreq.o
                0x00000000080050c0                USBD_GetString
 .text.USBD_CtlSendData
                0x00000000080050f6       0x1a Middlewares/ST/STM32_USB_Device_Library/Core/Src/usbd_ioreq.o
                0x00000000080050f6                USBD_CtlSendData
 .text.USBD_CtlContinueSendData
                0x0000000008005110       0x10 Middlewares/ST/STM32_USB_Device_Library/Core/Src/usbd_ioreq.o
                0x0000000008005110                USBD_CtlContinueSendData
 .text.USBD_CtlPrepareRx
                0x0000000008005120       0x1e Middlewares/ST/STM32_USB_Device_Library/Core/Src/usbd_ioreq.o
                0x0000000008005120                USBD_CtlPrepareRx
 .text.USBD_CtlContinueRx
                0x000000000800513e       0x10 Middlewares/ST/STM32_USB_Device_Library/Core/Src/usbd_ioreq.o
                0x000000000800513e                USBD_CtlContinueRx
 .text.USBD_CtlSendStatus
                0x000000000800514e       0x16 Middlewares/ST/STM32_USB_Device_Library/Core/Src/usbd_ioreq.o
                0x000000000800514e                USBD_CtlSendStatus
 .text.USBD_CtlReceiveStatus
                0x0000000008005164       0x16 Middlewares/ST/STM32_USB_Device_Library/Core/Src/usbd_ioreq.o
                0x0000000008005164                USBD_CtlReceiveStatus
 *fill*         0x000000000800517a        0x2 
 .text.MX_USB_DEVICE_Init
                0x000000000800517c       0x58 USB_DEVICE/App/usb_device.o
                0x000000000800517c                MX_USB_DEVICE_Init
 .text.AUDIO_Init_HS
                0x00000000080051d4        0x4 USB_DEVICE/App/usbd_audio_if.o
 .text.AUDIO_DeInit_HS
                0x00000000080051d8        0x4 USB_DEVICE/App/usbd_audio_if.o
 .text.AUDIO_AudioCmd_HS
                0x00000000080051dc       0x50 USB_DEVICE/App/usbd_audio_if.o
 .text.USBD_HS_DeviceDescriptor
                0x000000000800522c        0xc USB_DEVICE/App/usbd_desc.o
                0x000000000800522c                USBD_HS_DeviceDescriptor
 .text.USBD_HS_LangIDStrDescriptor
                0x0000000008005238        0xc USB_DEVICE/App/usbd_desc.o
                0x0000000008005238                USBD_HS_LangIDStrDescriptor
 .text.IntToUnicode
                0x0000000008005244       0x38 USB_DEVICE/App/usbd_desc.o
 .text.Get_SerialNum
                0x000000000800527c       0x34 USB_DEVICE/App/usbd_desc.o
 .text.USBD_HS_SerialStrDescriptor
                0x00000000080052b0       0x14 USB_DEVICE/App/usbd_desc.o
                0x00000000080052b0                USBD_HS_SerialStrDescriptor
 .text.USBD_HS_ProductStrDescriptor
                0x00000000080052c4       0x24 USB_DEVICE/App/usbd_desc.o
                0x00000000080052c4                USBD_HS_ProductStrDescriptor
 .text.USBD_HS_ManufacturerStrDescriptor
                0x00000000080052e8       0x1c USB_DEVICE/App/usbd_desc.o
                0x00000000080052e8                USBD_HS_ManufacturerStrDescriptor
 .text.USBD_HS_ConfigStrDescriptor
                0x0000000008005304       0x24 USB_DEVICE/App/usbd_desc.o
                0x0000000008005304                USBD_HS_ConfigStrDescriptor
 .text.USBD_HS_InterfaceStrDescriptor
                0x0000000008005328       0x24 USB_DEVICE/App/usbd_desc.o
                0x0000000008005328                USBD_HS_InterfaceStrDescriptor
 .text.HAL_PCD_MspInit
                0x000000000800534c      0x12c USB_DEVICE/Target/usbd_conf.o
                0x000000000800534c                HAL_PCD_MspInit
 .text.HAL_PCD_SetupStageCallback
                0x0000000008005478       0x10 USB_DEVICE/Target/usbd_conf.o
                0x0000000008005478                HAL_PCD_SetupStageCallback
 .text.HAL_PCD_DataOutStageCallback
                0x0000000008005488       0x18 USB_DEVICE/Target/usbd_conf.o
                0x0000000008005488                HAL_PCD_DataOutStageCallback
 .text.HAL_PCD_DataInStageCallback
                0x00000000080054a0       0x16 USB_DEVICE/Target/usbd_conf.o
                0x00000000080054a0                HAL_PCD_DataInStageCallback
 .text.HAL_PCD_SOFCallback
                0x00000000080054b6        0xc USB_DEVICE/Target/usbd_conf.o
                0x00000000080054b6                HAL_PCD_SOFCallback
 .text.HAL_PCD_ResetCallback
                0x00000000080054c2       0x2c USB_DEVICE/Target/usbd_conf.o
                0x00000000080054c2                HAL_PCD_ResetCallback
 *fill*         0x00000000080054ee        0x2 
 .text.HAL_PCD_SuspendCallback
                0x00000000080054f0       0x30 USB_DEVICE/Target/usbd_conf.o
                0x00000000080054f0                HAL_PCD_SuspendCallback
 .text.HAL_PCD_ResumeCallback
                0x0000000008005520        0xc USB_DEVICE/Target/usbd_conf.o
                0x0000000008005520                HAL_PCD_ResumeCallback
 .text.HAL_PCD_ISOOUTIncompleteCallback
                0x000000000800552c        0xc USB_DEVICE/Target/usbd_conf.o
                0x000000000800552c                HAL_PCD_ISOOUTIncompleteCallback
 .text.HAL_PCD_ISOINIncompleteCallback
                0x0000000008005538        0xc USB_DEVICE/Target/usbd_conf.o
                0x0000000008005538                HAL_PCD_ISOINIncompleteCallback
 .text.HAL_PCD_ConnectCallback
                0x0000000008005544        0xc USB_DEVICE/Target/usbd_conf.o
                0x0000000008005544                HAL_PCD_ConnectCallback
 .text.HAL_PCD_DisconnectCallback
                0x0000000008005550        0xc USB_DEVICE/Target/usbd_conf.o
                0x0000000008005550                HAL_PCD_DisconnectCallback
 .text.USBD_LL_Init
                0x000000000800555c       0x70 USB_DEVICE/Target/usbd_conf.o
                0x000000000800555c                USBD_LL_Init
 .text.USBD_LL_IsStallEP
                0x00000000080055cc       0x2e USB_DEVICE/Target/usbd_conf.o
                0x00000000080055cc                USBD_LL_IsStallEP
 .text.USBD_LL_GetRxDataSize
                0x00000000080055fa        0xc USB_DEVICE/Target/usbd_conf.o
                0x00000000080055fa                USBD_LL_GetRxDataSize
 .text.USBD_Get_USB_Status
                0x0000000008005606       0x14 USB_DEVICE/Target/usbd_conf.o
                0x0000000008005606                USBD_Get_USB_Status
 .text.USBD_LL_Start
                0x000000000800561a       0x10 USB_DEVICE/Target/usbd_conf.o
                0x000000000800561a                USBD_LL_Start
 .text.USBD_LL_OpenEP
                0x000000000800562a       0x16 USB_DEVICE/Target/usbd_conf.o
                0x000000000800562a                USBD_LL_OpenEP
 .text.USBD_LL_CloseEP
                0x0000000008005640       0x10 USB_DEVICE/Target/usbd_conf.o
                0x0000000008005640                USBD_LL_CloseEP
 .text.USBD_LL_FlushEP
                0x0000000008005650       0x10 USB_DEVICE/Target/usbd_conf.o
                0x0000000008005650                USBD_LL_FlushEP
 .text.USBD_LL_StallEP
                0x0000000008005660       0x10 USB_DEVICE/Target/usbd_conf.o
                0x0000000008005660                USBD_LL_StallEP
 .text.USBD_LL_ClearStallEP
                0x0000000008005670       0x10 USB_DEVICE/Target/usbd_conf.o
                0x0000000008005670                USBD_LL_ClearStallEP
 .text.USBD_LL_SetUSBAddress
                0x0000000008005680       0x10 USB_DEVICE/Target/usbd_conf.o
                0x0000000008005680                USBD_LL_SetUSBAddress
 .text.USBD_LL_Transmit
                0x0000000008005690       0x10 USB_DEVICE/Target/usbd_conf.o
                0x0000000008005690                USBD_LL_Transmit
 .text.USBD_LL_PrepareReceive
                0x00000000080056a0       0x10 USB_DEVICE/Target/usbd_conf.o
                0x00000000080056a0                USBD_LL_PrepareReceive
 .text.__libc_init_array
                0x00000000080056b0       0x48 c:/st/stm32cubeide_1.6.1/stm32cubeide/plugins/com.st.stm32cube.ide.mcu.externaltools.gnu-tools-for-stm32.9-2020-q2-update.win32_1.5.0.202011040924/tools/bin/../lib/gcc/arm-none-eabi/9.3.1/../../../../arm-none-eabi/lib/thumb/v7e-m+dp/hard\libc_nano.a(lib_a-init.o)
                0x00000000080056b0                __libc_init_array
 .text.memcpy   0x00000000080056f8       0x1c c:/st/stm32cubeide_1.6.1/stm32cubeide/plugins/com.st.stm32cube.ide.mcu.externaltools.gnu-tools-for-stm32.9-2020-q2-update.win32_1.5.0.202011040924/tools/bin/../lib/gcc/arm-none-eabi/9.3.1/../../../../arm-none-eabi/lib/thumb/v7e-m+dp/hard\libc_nano.a(lib_a-memcpy-stub.o)
                0x00000000080056f8                memcpy
 .text.memset   0x0000000008005714       0x10 c:/st/stm32cubeide_1.6.1/stm32cubeide/plugins/com.st.stm32cube.ide.mcu.externaltools.gnu-tools-for-stm32.9-2020-q2-update.win32_1.5.0.202011040924/tools/bin/../lib/gcc/arm-none-eabi/9.3.1/../../../../arm-none-eabi/lib/thumb/v7e-m+dp/hard\libc_nano.a(lib_a-memset.o)
                0x0000000008005714                memset
 *(.glue_7)
 .glue_7        0x0000000008005724        0x0 linker stubs
 *(.glue_7t)
 .glue_7t       0x0000000008005724        0x0 linker stubs
 *(.eh_frame)
 .eh_frame      0x0000000008005724        0x0 c:/st/stm32cubeide_1.6.1/stm32cubeide/plugins/com.st.stm32cube.ide.mcu.externaltools.gnu-tools-for-stm32.9-2020-q2-update.win32_1.5.0.202011040924/tools/bin/../lib/gcc/arm-none-eabi/9.3.1/thumb/v7e-m+dp/hard/crtbegin.o
 *(.init)
 .init          0x0000000008005724        0x4 c:/st/stm32cubeide_1.6.1/stm32cubeide/plugins/com.st.stm32cube.ide.mcu.externaltools.gnu-tools-for-stm32.9-2020-q2-update.win32_1.5.0.202011040924/tools/bin/../lib/gcc/arm-none-eabi/9.3.1/thumb/v7e-m+dp/hard/crti.o
                0x0000000008005724                _init
 .init          0x0000000008005728        0x8 c:/st/stm32cubeide_1.6.1/stm32cubeide/plugins/com.st.stm32cube.ide.mcu.externaltools.gnu-tools-for-stm32.9-2020-q2-update.win32_1.5.0.202011040924/tools/bin/../lib/gcc/arm-none-eabi/9.3.1/thumb/v7e-m+dp/hard/crtn.o
 *(.fini)
 .fini          0x0000000008005730        0x4 c:/st/stm32cubeide_1.6.1/stm32cubeide/plugins/com.st.stm32cube.ide.mcu.externaltools.gnu-tools-for-stm32.9-2020-q2-update.win32_1.5.0.202011040924/tools/bin/../lib/gcc/arm-none-eabi/9.3.1/thumb/v7e-m+dp/hard/crti.o
                0x0000000008005730                _fini
 .fini          0x0000000008005734        0x8 c:/st/stm32cubeide_1.6.1/stm32cubeide/plugins/com.st.stm32cube.ide.mcu.externaltools.gnu-tools-for-stm32.9-2020-q2-update.win32_1.5.0.202011040924/tools/bin/../lib/gcc/arm-none-eabi/9.3.1/thumb/v7e-m+dp/hard/crtn.o
                0x000000000800573c                . = ALIGN (0x4)
                0x000000000800573c                _etext = .

.vfp11_veneer   0x000000000800573c        0x0
 .vfp11_veneer  0x000000000800573c        0x0 linker stubs

.v4_bx          0x000000000800573c        0x0
 .v4_bx         0x000000000800573c        0x0 linker stubs

.iplt           0x000000000800573c        0x0
 .iplt          0x000000000800573c        0x0 c:/st/stm32cubeide_1.6.1/stm32cubeide/plugins/com.st.stm32cube.ide.mcu.externaltools.gnu-tools-for-stm32.9-2020-q2-update.win32_1.5.0.202011040924/tools/bin/../lib/gcc/arm-none-eabi/9.3.1/thumb/v7e-m+dp/hard/crtbegin.o

.rodata         0x000000000800573c      0x450
                0x000000000800573c                . = ALIGN (0x4)
 *(.rodata)
 *(.rodata*)
 .rodata.sine   0x000000000800573c      0x400 Core/Src/drv/sai.o
                0x000000000800573c                sine
 .rodata.D1CorePrescTable
                0x0000000008005b3c       0x10 Core/Src/system_stm32h7xx.o
                0x0000000008005b3c                D1CorePrescTable
 .rodata.USBD_HS_ProductStrDescriptor.str1.4
                0x0000000008005b4c       0x15 USB_DEVICE/App/usbd_desc.o
 *fill*         0x0000000008005b61        0x3 
 .rodata.USBD_HS_ManufacturerStrDescriptor.str1.4
                0x0000000008005b64        0x6 USB_DEVICE/App/usbd_desc.o
 *fill*         0x0000000008005b6a        0x2 
 .rodata.USBD_HS_ConfigStrDescriptor.str1.4
                0x0000000008005b6c        0xd USB_DEVICE/App/usbd_desc.o
 *fill*         0x0000000008005b79        0x3 
 .rodata.USBD_HS_InterfaceStrDescriptor.str1.4
                0x0000000008005b7c       0x10 USB_DEVICE/App/usbd_desc.o
                0x0000000008005b8c                . = ALIGN (0x4)

.rel.dyn        0x0000000008005b8c        0x0
 .rel.iplt      0x0000000008005b8c        0x0 c:/st/stm32cubeide_1.6.1/stm32cubeide/plugins/com.st.stm32cube.ide.mcu.externaltools.gnu-tools-for-stm32.9-2020-q2-update.win32_1.5.0.202011040924/tools/bin/../lib/gcc/arm-none-eabi/9.3.1/thumb/v7e-m+dp/hard/crtbegin.o

.ARM.extab
 *(.ARM.extab* .gnu.linkonce.armextab.*)

.ARM            0x0000000008005b8c        0x0
                0x0000000008005b8c                __exidx_start = .
 *(.ARM.exidx*)
                0x0000000008005b8c                __exidx_end = .

.preinit_array  0x0000000008005b8c        0x0
                0x0000000008005b8c                PROVIDE (__preinit_array_start = .)
 *(.preinit_array*)
                0x0000000008005b8c                PROVIDE (__preinit_array_end = .)

.init_array     0x0000000008005b8c        0x4
                0x0000000008005b8c                PROVIDE (__init_array_start = .)
 *(SORT_BY_NAME(.init_array.*))
 *(.init_array*)
 .init_array    0x0000000008005b8c        0x4 c:/st/stm32cubeide_1.6.1/stm32cubeide/plugins/com.st.stm32cube.ide.mcu.externaltools.gnu-tools-for-stm32.9-2020-q2-update.win32_1.5.0.202011040924/tools/bin/../lib/gcc/arm-none-eabi/9.3.1/thumb/v7e-m+dp/hard/crtbegin.o
                0x0000000008005b90                PROVIDE (__init_array_end = .)

.fini_array     0x0000000008005b90        0x4
                [!provide]                        PROVIDE (__fini_array_start = .)
 *(SORT_BY_NAME(.fini_array.*))
 *(.fini_array*)
 .fini_array    0x0000000008005b90        0x4 c:/st/stm32cubeide_1.6.1/stm32cubeide/plugins/com.st.stm32cube.ide.mcu.externaltools.gnu-tools-for-stm32.9-2020-q2-update.win32_1.5.0.202011040924/tools/bin/../lib/gcc/arm-none-eabi/9.3.1/thumb/v7e-m+dp/hard/crtbegin.o
                [!provide]                        PROVIDE (__fini_array_end = .)
                0x0000000008005b94                _sidata = LOADADDR (.data)

.data           0x0000000024000000      0x184 load address 0x0000000008005b94
                0x0000000024000000                . = ALIGN (0x4)
                0x0000000024000000                _sdata = .
 *(.data)
 *(.data*)
 .data.sai_buffer_shift
                0x0000000024000000        0x4 Core/Src/drv/sai.o
                0x0000000024000000                sai_buffer_shift
 .data._last_usbtim_val
                0x0000000024000004        0x4 Core/Src/drv/usb_timer.o
                0x0000000024000004                _last_usbtim_val
 .data.SystemCoreClock
                0x0000000024000008        0x4 Core/Src/system_stm32h7xx.o
                0x0000000024000008                SystemCoreClock
 .data.SystemD2Clock
                0x000000002400000c        0x4 Core/Src/system_stm32h7xx.o
                0x000000002400000c                SystemD2Clock
 .data.uwTickFreq
                0x0000000024000010        0x1 Drivers/STM32H7xx_HAL_Driver/Src/stm32h7xx_hal.o
                0x0000000024000010                uwTickFreq
 *fill*         0x0000000024000011        0x3 
 .data.uwTickPrio
                0x0000000024000014        0x4 Drivers/STM32H7xx_HAL_Driver/Src/stm32h7xx_hal.o
                0x0000000024000014                uwTickPrio
 .data.USBD_AUDIO
                0x0000000024000018       0x38 Middlewares/ST/STM32_USB_Device_Library/Class/AUDIO/Src/usbd_audio.o
                0x0000000024000018                USBD_AUDIO
 .data.USBD_AUDIO_CfgDesc
                0x0000000024000050       0xc9 Middlewares/ST/STM32_USB_Device_Library/Class/AUDIO/Src/usbd_audio_desc.o
                0x0000000024000050                USBD_AUDIO_CfgDesc
 *fill*         0x0000000024000119        0x3 
 .data.USBD_AUDIO_DeviceQualifierDesc
                0x000000002400011c        0xa Middlewares/ST/STM32_USB_Device_Library/Class/AUDIO/Src/usbd_audio_desc.o
                0x000000002400011c                USBD_AUDIO_DeviceQualifierDesc
 *fill*         0x0000000024000126        0x2 
 .data.USBD_AUDIO_fops_HS
                0x0000000024000128        0xc USB_DEVICE/App/usbd_audio_if.o
                0x0000000024000128                USBD_AUDIO_fops_HS
 .data.HS_Desc  0x0000000024000134       0x1c USB_DEVICE/App/usbd_desc.o
                0x0000000024000134                HS_Desc
 .data.USBD_HS_DeviceDesc
                0x0000000024000150       0x12 USB_DEVICE/App/usbd_desc.o
                0x0000000024000150                USBD_HS_DeviceDesc
 *fill*         0x0000000024000162        0x2 
 .data.USBD_LangIDDesc
                0x0000000024000164        0x4 USB_DEVICE/App/usbd_desc.o
                0x0000000024000164                USBD_LangIDDesc
 .data.USBD_StringSerial
                0x0000000024000168       0x1a USB_DEVICE/App/usbd_desc.o
                0x0000000024000168                USBD_StringSerial
 *(.RamFunc)
 *(.RamFunc*)
                0x0000000024000184                . = ALIGN (0x4)
 *fill*         0x0000000024000182        0x2 
                0x0000000024000184                _edata = .

.igot.plt       0x0000000024000184        0x0 load address 0x0000000008005d18
 .igot.plt      0x0000000024000184        0x0 c:/st/stm32cubeide_1.6.1/stm32cubeide/plugins/com.st.stm32cube.ide.mcu.externaltools.gnu-tools-for-stm32.9-2020-q2-update.win32_1.5.0.202011040924/tools/bin/../lib/gcc/arm-none-eabi/9.3.1/thumb/v7e-m+dp/hard/crtbegin.o
                0x0000000024000184                . = ALIGN (0x4)

.bss            0x00000000240001a0     0x3778 load address 0x0000000008005d18
                0x00000000240001a0                _sbss = .
                0x00000000240001a0                __bss_start__ = _sbss
 *(.bss)
 .bss           0x00000000240001a0       0x1c c:/st/stm32cubeide_1.6.1/stm32cubeide/plugins/com.st.stm32cube.ide.mcu.externaltools.gnu-tools-for-stm32.9-2020-q2-update.win32_1.5.0.202011040924/tools/bin/../lib/gcc/arm-none-eabi/9.3.1/thumb/v7e-m+dp/hard/crtbegin.o
 *(.bss*)
 .bss._i2c1_error
                0x00000000240001bc        0x4 Core/Src/drv/i2c1.o
                0x00000000240001bc                _i2c1_error
 .bss.prev_div.10792
                0x00000000240001c0        0x1 Core/Src/drv/sai.o
 *fill*         0x00000000240001c1        0x3 
 .bss.sai_feedback
                0x00000000240001c4        0x4 Core/Src/drv/sai.o
                0x00000000240001c4                sai_feedback
 .bss.sai_int.10790
                0x00000000240001c8        0x4 Core/Src/drv/sai.o
 .bss.sai_laps_difference
                0x00000000240001cc        0x4 Core/Src/drv/sai.o
                0x00000000240001cc                sai_laps_difference
 .bss.sai_prev.10791
                0x00000000240001d0        0x4 Core/Src/drv/sai.o
 .bss.sai_wrpos
                0x00000000240001d4        0x4 Core/Src/drv/sai.o
                0x00000000240001d4                sai_wrpos
 .bss.q         0x00000000240001d8        0x1 Drivers/STM32H7xx_HAL_Driver/Src/stm32h7xx_hal_pcd.o
                0x00000000240001d8                q
 *fill*         0x00000000240001d9        0x3 
 .bss.errors    0x00000000240001dc        0x4 Middlewares/ST/STM32_USB_Device_Library/Class/AUDIO/Src/usbd_audio.o
                0x00000000240001dc                errors
 .bss.first_counter.12416
                0x00000000240001e0        0x1 Middlewares/ST/STM32_USB_Device_Library/Class/AUDIO/Src/usbd_audio.o
 *fill*         0x00000000240001e1        0x1 
 .bss.pcnt_pos  0x00000000240001e2        0x2 Middlewares/ST/STM32_USB_Device_Library/Class/AUDIO/Src/usbd_audio.o
                0x00000000240001e2                pcnt_pos
 .bss.cfgidx.12357
                0x00000000240001e4        0x1 Middlewares/ST/STM32_USB_Device_Library/Core/Src/usbd_ctlreq.o
 *(COMMON)
 *fill*         0x00000000240001e5       0x1b 
 COMMON         0x0000000024000200     0x27e0 Core/Src/drv/sai.o
                0x0000000024000200                _sai_outBuf
                0x0000000024001520                fb_history
                0x00000000240016b0                fbh_pos
                0x00000000240016c0                _sai_inBuf
 COMMON         0x00000000240029e0        0x5 Core/Src/drv/usb_timer.o
                0x00000000240029e0                _usbtim_val
                0x00000000240029e4                _usbtim_cnt
 *fill*         0x00000000240029e5        0x3 
 COMMON         0x00000000240029e8        0x4 Drivers/STM32H7xx_HAL_Driver/Src/stm32h7xx_hal.o
                0x00000000240029e8                uwTick
 *fill*         0x00000000240029ec       0x14 
 COMMON         0x0000000024002a00      0x624 Middlewares/ST/STM32_USB_Device_Library/Class/AUDIO/Src/usbd_audio.o
                0x0000000024002a00                s_audio
                0x0000000024002ca0                incomplete_packet
                0x0000000024002dcc                pcnt
 *fill*         0x0000000024003024       0x1c 
 COMMON         0x0000000024003040      0x2d0 USB_DEVICE/App/usb_device.o
                0x0000000024003040                hUsbDeviceHS
 COMMON         0x0000000024003310      0x200 USB_DEVICE/App/usbd_desc.o
                0x0000000024003310                USBD_StrDesc
 COMMON         0x0000000024003510      0x408 USB_DEVICE/Target/usbd_conf.o
                0x0000000024003510                hpcd_USB_OTG_HS
                0x0000000024003918                . = ALIGN (0x4)
                0x0000000024003918                _ebss = .
                0x0000000024003918                __bss_end__ = _ebss

._user_heap_stack
                0x0000000024003918      0x600 load address 0x0000000008005d18
                0x0000000024003918                . = ALIGN (0x8)
                [!provide]                        PROVIDE (end = .)
                0x0000000024003918                PROVIDE (_end = .)
                0x0000000024003b18                . = (. + _Min_Heap_Size)
 *fill*         0x0000000024003918      0x200 
                0x0000000024003f18                . = (. + _Min_Stack_Size)
 *fill*         0x0000000024003b18      0x400 
                0x0000000024003f18                . = ALIGN (0x8)

/DISCARD/
 libc.a(*)
 libm.a(*)
 libgcc.a(*)

.ARM.attributes
                0x0000000000000000       0x2e
 *(.ARM.attributes)
 .ARM.attributes
                0x0000000000000000       0x1e c:/st/stm32cubeide_1.6.1/stm32cubeide/plugins/com.st.stm32cube.ide.mcu.externaltools.gnu-tools-for-stm32.9-2020-q2-update.win32_1.5.0.202011040924/tools/bin/../lib/gcc/arm-none-eabi/9.3.1/thumb/v7e-m+dp/hard/crti.o
 .ARM.attributes
                0x000000000000001e       0x32 c:/st/stm32cubeide_1.6.1/stm32cubeide/plugins/com.st.stm32cube.ide.mcu.externaltools.gnu-tools-for-stm32.9-2020-q2-update.win32_1.5.0.202011040924/tools/bin/../lib/gcc/arm-none-eabi/9.3.1/thumb/v7e-m+dp/hard/crtbegin.o
 .ARM.attributes
                0x0000000000000050       0x32 Core/Src/drv/clock.o
 .ARM.attributes
                0x0000000000000082       0x32 Core/Src/drv/es8388.o
 .ARM.attributes
                0x00000000000000b4       0x32 Core/Src/drv/i2c1.o
 .ARM.attributes
                0x00000000000000e6       0x32 Core/Src/drv/i2s_clock.o
 .ARM.attributes
                0x0000000000000118       0x32 Core/Src/drv/mpu.o
 .ARM.attributes
                0x000000000000014a       0x32 Core/Src/drv/sai.o
 .ARM.attributes
                0x000000000000017c       0x32 Core/Src/drv/usb_timer.o
 .ARM.attributes
                0x00000000000001ae       0x32 Core/Src/main.o
 .ARM.attributes
                0x00000000000001e0       0x32 Core/Src/stm32h7xx_hal_msp.o
 .ARM.attributes
                0x0000000000000212       0x32 Core/Src/stm32h7xx_it.o
 .ARM.attributes
                0x0000000000000244       0x32 Core/Src/system_stm32h7xx.o
 .ARM.attributes
                0x0000000000000276       0x21 Core/Startup/startup_stm32h750vbtx.o
 .ARM.attributes
                0x0000000000000297       0x32 Drivers/STM32H7xx_HAL_Driver/Src/stm32h7xx_hal.o
 .ARM.attributes
                0x00000000000002c9       0x32 Drivers/STM32H7xx_HAL_Driver/Src/stm32h7xx_hal_cortex.o
 .ARM.attributes
                0x00000000000002fb       0x32 Drivers/STM32H7xx_HAL_Driver/Src/stm32h7xx_hal_gpio.o
 .ARM.attributes
                0x000000000000032d       0x32 Drivers/STM32H7xx_HAL_Driver/Src/stm32h7xx_hal_pcd.o
 .ARM.attributes
                0x000000000000035f       0x32 Drivers/STM32H7xx_HAL_Driver/Src/stm32h7xx_hal_pcd_ex.o
 .ARM.attributes
                0x0000000000000391       0x32 Drivers/STM32H7xx_HAL_Driver/Src/stm32h7xx_hal_pwr_ex.o
 .ARM.attributes
                0x00000000000003c3       0x32 Drivers/STM32H7xx_HAL_Driver/Src/stm32h7xx_hal_rcc.o
 .ARM.attributes
                0x00000000000003f5       0x32 Drivers/STM32H7xx_HAL_Driver/Src/stm32h7xx_hal_rcc_ex.o
 .ARM.attributes
                0x0000000000000427       0x32 Drivers/STM32H7xx_HAL_Driver/Src/stm32h7xx_ll_usb.o
 .ARM.attributes
                0x0000000000000459       0x32 Middlewares/ST/STM32_USB_Device_Library/Class/AUDIO/Src/usbd_audio.o
 .ARM.attributes
                0x000000000000048b       0x37 Middlewares/ST/STM32_USB_Device_Library/Class/AUDIO/Src/usbd_audio_desc.o
 .ARM.attributes
                0x00000000000004c2       0x32 Middlewares/ST/STM32_USB_Device_Library/Core/Src/usbd_core.o
 .ARM.attributes
                0x00000000000004f4       0x32 Middlewares/ST/STM32_USB_Device_Library/Core/Src/usbd_ctlreq.o
 .ARM.attributes
                0x0000000000000526       0x32 Middlewares/ST/STM32_USB_Device_Library/Core/Src/usbd_ioreq.o
 .ARM.attributes
                0x0000000000000558       0x32 USB_DEVICE/App/usb_device.o
 .ARM.attributes
                0x000000000000058a       0x32 USB_DEVICE/App/usbd_audio_if.o
 .ARM.attributes
                0x00000000000005bc       0x32 USB_DEVICE/App/usbd_desc.o
 .ARM.attributes
                0x00000000000005ee       0x32 USB_DEVICE/Target/usbd_conf.o
 .ARM.attributes
                0x0000000000000620       0x32 c:/st/stm32cubeide_1.6.1/stm32cubeide/plugins/com.st.stm32cube.ide.mcu.externaltools.gnu-tools-for-stm32.9-2020-q2-update.win32_1.5.0.202011040924/tools/bin/../lib/gcc/arm-none-eabi/9.3.1/../../../../arm-none-eabi/lib/thumb/v7e-m+dp/hard\libc_nano.a(lib_a-init.o)
 .ARM.attributes
                0x0000000000000652       0x32 c:/st/stm32cubeide_1.6.1/stm32cubeide/plugins/com.st.stm32cube.ide.mcu.externaltools.gnu-tools-for-stm32.9-2020-q2-update.win32_1.5.0.202011040924/tools/bin/../lib/gcc/arm-none-eabi/9.3.1/../../../../arm-none-eabi/lib/thumb/v7e-m+dp/hard\libc_nano.a(lib_a-memcpy-stub.o)
 .ARM.attributes
                0x0000000000000684       0x32 c:/st/stm32cubeide_1.6.1/stm32cubeide/plugins/com.st.stm32cube.ide.mcu.externaltools.gnu-tools-for-stm32.9-2020-q2-update.win32_1.5.0.202011040924/tools/bin/../lib/gcc/arm-none-eabi/9.3.1/../../../../arm-none-eabi/lib/thumb/v7e-m+dp/hard\libc_nano.a(lib_a-memset.o)
 .ARM.attributes
                0x00000000000006b6       0x1e c:/st/stm32cubeide_1.6.1/stm32cubeide/plugins/com.st.stm32cube.ide.mcu.externaltools.gnu-tools-for-stm32.9-2020-q2-update.win32_1.5.0.202011040924/tools/bin/../lib/gcc/arm-none-eabi/9.3.1/thumb/v7e-m+dp/hard/crtn.o
OUTPUT(stm32h750-audiocard-hal3.elf elf32-littlearm)
LOAD linker stubs
LOAD c:/st/stm32cubeide_1.6.1/stm32cubeide/plugins/com.st.stm32cube.ide.mcu.externaltools.gnu-tools-for-stm32.9-2020-q2-update.win32_1.5.0.202011040924/tools/bin/../lib/gcc/arm-none-eabi/9.3.1/../../../../arm-none-eabi/lib/thumb/v7e-m+dp/hard\libc.a
LOAD c:/st/stm32cubeide_1.6.1/stm32cubeide/plugins/com.st.stm32cube.ide.mcu.externaltools.gnu-tools-for-stm32.9-2020-q2-update.win32_1.5.0.202011040924/tools/bin/../lib/gcc/arm-none-eabi/9.3.1/../../../../arm-none-eabi/lib/thumb/v7e-m+dp/hard\libm.a
LOAD c:/st/stm32cubeide_1.6.1/stm32cubeide/plugins/com.st.stm32cube.ide.mcu.externaltools.gnu-tools-for-stm32.9-2020-q2-update.win32_1.5.0.202011040924/tools/bin/../lib/gcc/arm-none-eabi/9.3.1/thumb/v7e-m+dp/hard\libgcc.a

.debug_info     0x0000000000000000    0x2e53e
 .debug_info    0x0000000000000000     0x181a Core/Src/drv/clock.o
 .debug_info    0x000000000000181a     0x14c7 Core/Src/drv/es8388.o
 .debug_info    0x0000000000002ce1     0x18e3 Core/Src/drv/i2c1.o
 .debug_info    0x00000000000045c4     0x112f Core/Src/drv/i2s_clock.o
 .debug_info    0x00000000000056f3      0xc2d Core/Src/drv/mpu.o
 .debug_info    0x0000000000006320     0x206b Core/Src/drv/sai.o
 .debug_info    0x000000000000838b     0x1beb Core/Src/drv/usb_timer.o
 .debug_info    0x0000000000009f76     0x1750 Core/Src/main.o
 .debug_info    0x000000000000b6c6      0xf3b Core/Src/stm32h7xx_hal_msp.o
 .debug_info    0x000000000000c601     0x1126 Core/Src/stm32h7xx_it.o
 .debug_info    0x000000000000d727     0x1775 Core/Src/system_stm32h7xx.o
 .debug_info    0x000000000000ee9c       0x22 Core/Startup/startup_stm32h750vbtx.o
 .debug_info    0x000000000000eebe     0x2091 Drivers/STM32H7xx_HAL_Driver/Src/stm32h7xx_hal.o
 .debug_info    0x0000000000010f4f     0x1e5b Drivers/STM32H7xx_HAL_Driver/Src/stm32h7xx_hal_cortex.o
 .debug_info    0x0000000000012daa     0x1801 Drivers/STM32H7xx_HAL_Driver/Src/stm32h7xx_hal_gpio.o
 .debug_info    0x00000000000145ab     0x258c Drivers/STM32H7xx_HAL_Driver/Src/stm32h7xx_hal_pcd.o
 .debug_info    0x0000000000016b37     0x1493 Drivers/STM32H7xx_HAL_Driver/Src/stm32h7xx_hal_pcd_ex.o
 .debug_info    0x0000000000017fca     0x1cb1 Drivers/STM32H7xx_HAL_Driver/Src/stm32h7xx_hal_pwr_ex.o
 .debug_info    0x0000000000019c7b     0x1c56 Drivers/STM32H7xx_HAL_Driver/Src/stm32h7xx_hal_rcc.o
 .debug_info    0x000000000001b8d1     0x2423 Drivers/STM32H7xx_HAL_Driver/Src/stm32h7xx_hal_rcc_ex.o
 .debug_info    0x000000000001dcf4     0x2a8b Drivers/STM32H7xx_HAL_Driver/Src/stm32h7xx_ll_usb.o
 .debug_info    0x000000000002077f     0x1fa0 Middlewares/ST/STM32_USB_Device_Library/Class/AUDIO/Src/usbd_audio.o
 .debug_info    0x000000000002271f      0xbc1 Middlewares/ST/STM32_USB_Device_Library/Class/AUDIO/Src/usbd_audio_desc.o
 .debug_info    0x00000000000232e0     0x196d Middlewares/ST/STM32_USB_Device_Library/Core/Src/usbd_core.o
 .debug_info    0x0000000000024c4d     0x1d82 Middlewares/ST/STM32_USB_Device_Library/Core/Src/usbd_ctlreq.o
 .debug_info    0x00000000000269cf     0x130d Middlewares/ST/STM32_USB_Device_Library/Core/Src/usbd_ioreq.o
 .debug_info    0x0000000000027cdc     0x11a2 USB_DEVICE/App/usb_device.o
 .debug_info    0x0000000000028e7e     0x12f2 USB_DEVICE/App/usbd_audio_if.o
 .debug_info    0x000000000002a170     0x1096 USB_DEVICE/App/usbd_desc.o
 .debug_info    0x000000000002b206     0x3338 USB_DEVICE/Target/usbd_conf.o

.debug_abbrev   0x0000000000000000     0x5a50
 .debug_abbrev  0x0000000000000000      0x2ff Core/Src/drv/clock.o
 .debug_abbrev  0x00000000000002ff      0x269 Core/Src/drv/es8388.o
 .debug_abbrev  0x0000000000000568      0x361 Core/Src/drv/i2c1.o
 .debug_abbrev  0x00000000000008c9      0x297 Core/Src/drv/i2s_clock.o
 .debug_abbrev  0x0000000000000b60      0x20b Core/Src/drv/mpu.o
 .debug_abbrev  0x0000000000000d6b      0x49e Core/Src/drv/sai.o
 .debug_abbrev  0x0000000000001209      0x32c Core/Src/drv/usb_timer.o
 .debug_abbrev  0x0000000000001535      0x345 Core/Src/main.o
 .debug_abbrev  0x000000000000187a      0x20f Core/Src/stm32h7xx_hal_msp.o
 .debug_abbrev  0x0000000000001a89      0x23e Core/Src/stm32h7xx_it.o
 .debug_abbrev  0x0000000000001cc7      0x268 Core/Src/system_stm32h7xx.o
 .debug_abbrev  0x0000000000001f2f       0x12 Core/Startup/startup_stm32h750vbtx.o
 .debug_abbrev  0x0000000000001f41      0x341 Drivers/STM32H7xx_HAL_Driver/Src/stm32h7xx_hal.o
 .debug_abbrev  0x0000000000002282      0x460 Drivers/STM32H7xx_HAL_Driver/Src/stm32h7xx_hal_cortex.o
 .debug_abbrev  0x00000000000026e2      0x31b Drivers/STM32H7xx_HAL_Driver/Src/stm32h7xx_hal_gpio.o
 .debug_abbrev  0x00000000000029fd      0x392 Drivers/STM32H7xx_HAL_Driver/Src/stm32h7xx_hal_pcd.o
 .debug_abbrev  0x0000000000002d8f      0x337 Drivers/STM32H7xx_HAL_Driver/Src/stm32h7xx_hal_pcd_ex.o
 .debug_abbrev  0x00000000000030c6      0x387 Drivers/STM32H7xx_HAL_Driver/Src/stm32h7xx_hal_pwr_ex.o
 .debug_abbrev  0x000000000000344d      0x334 Drivers/STM32H7xx_HAL_Driver/Src/stm32h7xx_hal_rcc.o
 .debug_abbrev  0x0000000000003781      0x351 Drivers/STM32H7xx_HAL_Driver/Src/stm32h7xx_hal_rcc_ex.o
 .debug_abbrev  0x0000000000003ad2      0x3b5 Drivers/STM32H7xx_HAL_Driver/Src/stm32h7xx_ll_usb.o
 .debug_abbrev  0x0000000000003e87      0x49c Middlewares/ST/STM32_USB_Device_Library/Class/AUDIO/Src/usbd_audio.o
 .debug_abbrev  0x0000000000004323      0x1eb Middlewares/ST/STM32_USB_Device_Library/Class/AUDIO/Src/usbd_audio_desc.o
 .debug_abbrev  0x000000000000450e      0x33c Middlewares/ST/STM32_USB_Device_Library/Core/Src/usbd_core.o
 .debug_abbrev  0x000000000000484a      0x406 Middlewares/ST/STM32_USB_Device_Library/Core/Src/usbd_ctlreq.o
 .debug_abbrev  0x0000000000004c50      0x25c Middlewares/ST/STM32_USB_Device_Library/Core/Src/usbd_ioreq.o
 .debug_abbrev  0x0000000000004eac      0x276 USB_DEVICE/App/usb_device.o
 .debug_abbrev  0x0000000000005122      0x2b4 USB_DEVICE/App/usbd_audio_if.o
 .debug_abbrev  0x00000000000053d6      0x313 USB_DEVICE/App/usbd_desc.o
 .debug_abbrev  0x00000000000056e9      0x367 USB_DEVICE/Target/usbd_conf.o

.debug_loc      0x0000000000000000     0xc924
 .debug_loc     0x0000000000000000       0x67 Core/Src/drv/clock.o
 .debug_loc     0x0000000000000067      0x8b3 Core/Src/drv/es8388.o
 .debug_loc     0x000000000000091a      0x6ce Core/Src/drv/i2c1.o
 .debug_loc     0x0000000000000fe8       0xaa Core/Src/drv/i2s_clock.o
 .debug_loc     0x0000000000001092      0x2a3 Core/Src/drv/sai.o
 .debug_loc     0x0000000000001335      0x157 Core/Src/drv/usb_timer.o
 .debug_loc     0x000000000000148c      0x12b Core/Src/main.o
 .debug_loc     0x00000000000015b7      0x1a0 Core/Src/system_stm32h7xx.o
 .debug_loc     0x0000000000001757      0x3fa Drivers/STM32H7xx_HAL_Driver/Src/stm32h7xx_hal.o
 .debug_loc     0x0000000000001b51      0x726 Drivers/STM32H7xx_HAL_Driver/Src/stm32h7xx_hal_cortex.o
 .debug_loc     0x0000000000002277      0x37e Drivers/STM32H7xx_HAL_Driver/Src/stm32h7xx_hal_gpio.o
 .debug_loc     0x00000000000025f5     0x1336 Drivers/STM32H7xx_HAL_Driver/Src/stm32h7xx_hal_pcd.o
 .debug_loc     0x000000000000392b      0x219 Drivers/STM32H7xx_HAL_Driver/Src/stm32h7xx_hal_pcd_ex.o
 .debug_loc     0x0000000000003b44      0x4df Drivers/STM32H7xx_HAL_Driver/Src/stm32h7xx_hal_pwr_ex.o
 .debug_loc     0x0000000000004023      0x8d3 Drivers/STM32H7xx_HAL_Driver/Src/stm32h7xx_hal_rcc.o
 .debug_loc     0x00000000000048f6     0x19e9 Drivers/STM32H7xx_HAL_Driver/Src/stm32h7xx_hal_rcc_ex.o
 .debug_loc     0x00000000000062df     0x24bb Drivers/STM32H7xx_HAL_Driver/Src/stm32h7xx_ll_usb.o
 .debug_loc     0x000000000000879a      0xb27 Middlewares/ST/STM32_USB_Device_Library/Class/AUDIO/Src/usbd_audio.o
 .debug_loc     0x00000000000092c1      0xbdf Middlewares/ST/STM32_USB_Device_Library/Core/Src/usbd_core.o
 .debug_loc     0x0000000000009ea0     0x16d0 Middlewares/ST/STM32_USB_Device_Library/Core/Src/usbd_ctlreq.o
 .debug_loc     0x000000000000b570      0x2b8 Middlewares/ST/STM32_USB_Device_Library/Core/Src/usbd_ioreq.o
 .debug_loc     0x000000000000b828      0x1be USB_DEVICE/App/usbd_audio_if.o
 .debug_loc     0x000000000000b9e6      0x38f USB_DEVICE/App/usbd_desc.o
 .debug_loc     0x000000000000bd75      0xbaf USB_DEVICE/Target/usbd_conf.o

.debug_aranges  0x0000000000000000     0x1028
 .debug_aranges
                0x0000000000000000       0x30 Core/Src/drv/clock.o
 .debug_aranges
                0x0000000000000030       0x60 Core/Src/drv/es8388.o
 .debug_aranges
                0x0000000000000090       0xf0 Core/Src/drv/i2c1.o
 .debug_aranges
                0x0000000000000180       0x28 Core/Src/drv/i2s_clock.o
 .debug_aranges
                0x00000000000001a8       0x20 Core/Src/drv/mpu.o
 .debug_aranges
                0x00000000000001c8       0x68 Core/Src/drv/sai.o
 .debug_aranges
                0x0000000000000230       0x30 Core/Src/drv/usb_timer.o
 .debug_aranges
                0x0000000000000260       0x28 Core/Src/main.o
 .debug_aranges
                0x0000000000000288       0x20 Core/Src/stm32h7xx_hal_msp.o
 .debug_aranges
                0x00000000000002a8       0x68 Core/Src/stm32h7xx_it.o
 .debug_aranges
                0x0000000000000310       0x28 Core/Src/system_stm32h7xx.o
 .debug_aranges
                0x0000000000000338       0x28 Core/Startup/startup_stm32h750vbtx.o
 .debug_aranges
                0x0000000000000360      0x198 Drivers/STM32H7xx_HAL_Driver/Src/stm32h7xx_hal.o
 .debug_aranges
                0x00000000000004f8       0xb0 Drivers/STM32H7xx_HAL_Driver/Src/stm32h7xx_hal_cortex.o
 .debug_aranges
                0x00000000000005a8       0x58 Drivers/STM32H7xx_HAL_Driver/Src/stm32h7xx_hal_gpio.o
 .debug_aranges
                0x0000000000000600      0x140 Drivers/STM32H7xx_HAL_Driver/Src/stm32h7xx_hal_pcd.o
 .debug_aranges
                0x0000000000000740       0x60 Drivers/STM32H7xx_HAL_Driver/Src/stm32h7xx_hal_pcd_ex.o
 .debug_aranges
                0x00000000000007a0      0x158 Drivers/STM32H7xx_HAL_Driver/Src/stm32h7xx_hal_pwr_ex.o
 .debug_aranges
                0x00000000000008f8       0x88 Drivers/STM32H7xx_HAL_Driver/Src/stm32h7xx_hal_rcc.o
 .debug_aranges
                0x0000000000000980       0xf8 Drivers/STM32H7xx_HAL_Driver/Src/stm32h7xx_hal_rcc_ex.o
 .debug_aranges
                0x0000000000000a78      0x1a0 Drivers/STM32H7xx_HAL_Driver/Src/stm32h7xx_ll_usb.o
 .debug_aranges
                0x0000000000000c18       0xa0 Middlewares/ST/STM32_USB_Device_Library/Class/AUDIO/Src/usbd_audio.o
 .debug_aranges
                0x0000000000000cb8       0x18 Middlewares/ST/STM32_USB_Device_Library/Class/AUDIO/Src/usbd_audio_desc.o
 .debug_aranges
                0x0000000000000cd0       0xc0 Middlewares/ST/STM32_USB_Device_Library/Core/Src/usbd_core.o
 .debug_aranges
                0x0000000000000d90       0x88 Middlewares/ST/STM32_USB_Device_Library/Core/Src/usbd_ctlreq.o
 .debug_aranges
                0x0000000000000e18       0x50 Middlewares/ST/STM32_USB_Device_Library/Core/Src/usbd_ioreq.o
 .debug_aranges
                0x0000000000000e68       0x20 USB_DEVICE/App/usb_device.o
 .debug_aranges
                0x0000000000000e88       0x30 USB_DEVICE/App/usbd_audio_if.o
 .debug_aranges
                0x0000000000000eb8       0x60 USB_DEVICE/App/usbd_desc.o
 .debug_aranges
                0x0000000000000f18      0x110 USB_DEVICE/Target/usbd_conf.o

.debug_ranges   0x0000000000000000      0xff0
 .debug_ranges  0x0000000000000000       0x20 Core/Src/drv/clock.o
 .debug_ranges  0x0000000000000020       0x50 Core/Src/drv/es8388.o
 .debug_ranges  0x0000000000000070       0xf8 Core/Src/drv/i2c1.o
 .debug_ranges  0x0000000000000168       0x18 Core/Src/drv/i2s_clock.o
 .debug_ranges  0x0000000000000180       0x10 Core/Src/drv/mpu.o
 .debug_ranges  0x0000000000000190       0x88 Core/Src/drv/sai.o
 .debug_ranges  0x0000000000000218       0x38 Core/Src/drv/usb_timer.o
 .debug_ranges  0x0000000000000250       0x18 Core/Src/main.o
 .debug_ranges  0x0000000000000268       0x10 Core/Src/stm32h7xx_hal_msp.o
 .debug_ranges  0x0000000000000278       0x58 Core/Src/stm32h7xx_it.o
 .debug_ranges  0x00000000000002d0       0x18 Core/Src/system_stm32h7xx.o
 .debug_ranges  0x00000000000002e8       0x20 Core/Startup/startup_stm32h750vbtx.o
 .debug_ranges  0x0000000000000308      0x188 Drivers/STM32H7xx_HAL_Driver/Src/stm32h7xx_hal.o
 .debug_ranges  0x0000000000000490      0x100 Drivers/STM32H7xx_HAL_Driver/Src/stm32h7xx_hal_cortex.o
 .debug_ranges  0x0000000000000590       0x48 Drivers/STM32H7xx_HAL_Driver/Src/stm32h7xx_hal_gpio.o
 .debug_ranges  0x00000000000005d8      0x130 Drivers/STM32H7xx_HAL_Driver/Src/stm32h7xx_hal_pcd.o
 .debug_ranges  0x0000000000000708       0x50 Drivers/STM32H7xx_HAL_Driver/Src/stm32h7xx_hal_pcd_ex.o
 .debug_ranges  0x0000000000000758      0x1a8 Drivers/STM32H7xx_HAL_Driver/Src/stm32h7xx_hal_pwr_ex.o
 .debug_ranges  0x0000000000000900       0xe8 Drivers/STM32H7xx_HAL_Driver/Src/stm32h7xx_hal_rcc.o
 .debug_ranges  0x00000000000009e8       0xe8 Drivers/STM32H7xx_HAL_Driver/Src/stm32h7xx_hal_rcc_ex.o
 .debug_ranges  0x0000000000000ad0      0x190 Drivers/STM32H7xx_HAL_Driver/Src/stm32h7xx_ll_usb.o
 .debug_ranges  0x0000000000000c60       0xa8 Middlewares/ST/STM32_USB_Device_Library/Class/AUDIO/Src/usbd_audio.o
 .debug_ranges  0x0000000000000d08       0xb0 Middlewares/ST/STM32_USB_Device_Library/Core/Src/usbd_core.o
 .debug_ranges  0x0000000000000db8       0x78 Middlewares/ST/STM32_USB_Device_Library/Core/Src/usbd_ctlreq.o
 .debug_ranges  0x0000000000000e30       0x40 Middlewares/ST/STM32_USB_Device_Library/Core/Src/usbd_ioreq.o
 .debug_ranges  0x0000000000000e70       0x10 USB_DEVICE/App/usb_device.o
 .debug_ranges  0x0000000000000e80       0x20 USB_DEVICE/App/usbd_audio_if.o
 .debug_ranges  0x0000000000000ea0       0x50 USB_DEVICE/App/usbd_desc.o
 .debug_ranges  0x0000000000000ef0      0x100 USB_DEVICE/Target/usbd_conf.o

.debug_macro    0x0000000000000000    0x3a178
 .debug_macro   0x0000000000000000      0x2bd Core/Src/drv/clock.o
 .debug_macro   0x00000000000002bd      0xac6 Core/Src/drv/clock.o
 .debug_macro   0x0000000000000d83      0x232 Core/Src/drv/clock.o
 .debug_macro   0x0000000000000fb5       0x2e Core/Src/drv/clock.o
 .debug_macro   0x0000000000000fe3       0x3b Core/Src/drv/clock.o
 .debug_macro   0x000000000000101e       0x22 Core/Src/drv/clock.o
 .debug_macro   0x0000000000001040       0x8e Core/Src/drv/clock.o
 .debug_macro   0x00000000000010ce       0x51 Core/Src/drv/clock.o
 .debug_macro   0x000000000000111f      0x103 Core/Src/drv/clock.o
 .debug_macro   0x0000000000001222       0x6a Core/Src/drv/clock.o
 .debug_macro   0x000000000000128c      0x1df Core/Src/drv/clock.o
 .debug_macro   0x000000000000146b       0x1c Core/Src/drv/clock.o
 .debug_macro   0x0000000000001487       0x22 Core/Src/drv/clock.o
 .debug_macro   0x00000000000014a9      0x101 Core/Src/drv/clock.o
 .debug_macro   0x00000000000015aa     0x1305 Core/Src/drv/clock.o
 .debug_macro   0x00000000000028af      0x11f Core/Src/drv/clock.o
 .debug_macro   0x00000000000029ce       0x27 Core/Src/drv/clock.o
 .debug_macro   0x00000000000029f5    0x25e57 Core/Src/drv/clock.o
 .debug_macro   0x000000000002884c       0x6d Core/Src/drv/clock.o
 .debug_macro   0x00000000000288b9     0x3d1e Core/Src/drv/clock.o
 .debug_macro   0x000000000002c5d7      0x174 Core/Src/drv/clock.o
 .debug_macro   0x000000000002c74b       0x52 Core/Src/drv/clock.o
 .debug_macro   0x000000000002c79d       0x17 Core/Src/drv/clock.o
 .debug_macro   0x000000000002c7b4       0x3c Core/Src/drv/clock.o
 .debug_macro   0x000000000002c7f0       0x34 Core/Src/drv/clock.o
 .debug_macro   0x000000000002c824       0x16 Core/Src/drv/clock.o
 .debug_macro   0x000000000002c83a       0x43 Core/Src/drv/clock.o
 .debug_macro   0x000000000002c87d       0x34 Core/Src/drv/clock.o
 .debug_macro   0x000000000002c8b1       0x10 Core/Src/drv/clock.o
 .debug_macro   0x000000000002c8c1       0x58 Core/Src/drv/clock.o
 .debug_macro   0x000000000002c919       0x71 Core/Src/drv/clock.o
 .debug_macro   0x000000000002c98a       0x1c Core/Src/drv/clock.o
 .debug_macro   0x000000000002c9a6      0x12a Core/Src/drv/clock.o
 .debug_macro   0x000000000002cad0      0x333 Core/Src/drv/clock.o
 .debug_macro   0x000000000002ce03      0x1a9 Core/Src/drv/clock.o
 .debug_macro   0x000000000002cfac       0x5d Core/Src/drv/clock.o
 .debug_macro   0x000000000002d009     0x240e Core/Src/drv/clock.o
 .debug_macro   0x000000000002f417     0x1002 Core/Src/drv/clock.o
 .debug_macro   0x0000000000030419      0x14d Core/Src/drv/clock.o
 .debug_macro   0x0000000000030566      0x114 Core/Src/drv/clock.o
 .debug_macro   0x000000000003067a      0x3b2 Core/Src/drv/clock.o
 .debug_macro   0x0000000000030a2c       0xac Core/Src/drv/clock.o
 .debug_macro   0x0000000000030ad8      0x72d Core/Src/drv/clock.o
 .debug_macro   0x0000000000031205      0x228 Core/Src/drv/clock.o
 .debug_macro   0x000000000003142d       0x66 Core/Src/drv/clock.o
 .debug_macro   0x0000000000031493      0x3bb Core/Src/drv/clock.o
 .debug_macro   0x000000000003184e      0x3e4 Core/Src/drv/clock.o
 .debug_macro   0x0000000000031c32      0x275 Core/Src/drv/clock.o
 .debug_macro   0x0000000000031ea7      0x3ca Core/Src/drv/clock.o
 .debug_macro   0x0000000000032271      0x3de Core/Src/drv/clock.o
 .debug_macro   0x000000000003264f       0x3c Core/Src/drv/clock.o
 .debug_macro   0x000000000003268b       0x4a Core/Src/drv/clock.o
 .debug_macro   0x00000000000326d5      0x22c Core/Src/drv/clock.o
 .debug_macro   0x0000000000032901       0x67 Core/Src/drv/clock.o
 .debug_macro   0x0000000000032968       0xa5 Core/Src/drv/clock.o
 .debug_macro   0x0000000000032a0d      0x1c4 Core/Src/drv/clock.o
 .debug_macro   0x0000000000032bd1      0x25e Core/Src/drv/clock.o
 .debug_macro   0x0000000000032e2f       0x35 Core/Src/drv/clock.o
 .debug_macro   0x0000000000032e64      0x248 Core/Src/drv/clock.o
 .debug_macro   0x00000000000330ac       0x90 Core/Src/drv/clock.o
 .debug_macro   0x000000000003313c      0x5a0 Core/Src/drv/clock.o
 .debug_macro   0x00000000000336dc       0x82 Core/Src/drv/clock.o
 .debug_macro   0x000000000003375e      0x2d8 Core/Src/drv/es8388.o
 .debug_macro   0x0000000000033a36       0x10 Core/Src/drv/es8388.o
 .debug_macro   0x0000000000033a46       0x40 Core/Src/drv/es8388.o
 .debug_macro   0x0000000000033a86       0x10 Core/Src/drv/es8388.o
 .debug_macro   0x0000000000033a96      0x2d5 Core/Src/drv/i2c1.o
 .debug_macro   0x0000000000033d6b      0x2c6 Core/Src/drv/i2s_clock.o
 .debug_macro   0x0000000000034031       0x10 Core/Src/drv/i2s_clock.o
 .debug_macro   0x0000000000034041      0x2bd Core/Src/drv/mpu.o
 .debug_macro   0x00000000000342fe      0x2ff Core/Src/drv/sai.o
 .debug_macro   0x00000000000345fd       0x16 Core/Src/drv/sai.o
 .debug_macro   0x0000000000034613       0x35 Core/Src/drv/sai.o
 .debug_macro   0x0000000000034648       0x20 Core/Src/drv/sai.o
 .debug_macro   0x0000000000034668      0x2bd Core/Src/drv/usb_timer.o
 .debug_macro   0x0000000000034925      0x44c Core/Src/main.o
 .debug_macro   0x0000000000034d71       0x1c Core/Src/main.o
 .debug_macro   0x0000000000034d8d       0x10 Core/Src/main.o
 .debug_macro   0x0000000000034d9d       0x10 Core/Src/main.o
 .debug_macro   0x0000000000034dad       0x1c Core/Src/main.o
 .debug_macro   0x0000000000034dc9       0x52 Core/Src/main.o
 .debug_macro   0x0000000000034e1b       0x22 Core/Src/main.o
 .debug_macro   0x0000000000034e3d       0x10 Core/Src/main.o
 .debug_macro   0x0000000000034e4d       0x40 Core/Src/main.o
 .debug_macro   0x0000000000034e8d       0xd5 Core/Src/main.o
 .debug_macro   0x0000000000034f62       0x1c Core/Src/main.o
 .debug_macro   0x0000000000034f7e       0x3d Core/Src/main.o
 .debug_macro   0x0000000000034fbb       0x16 Core/Src/main.o
 .debug_macro   0x0000000000034fd1      0x145 Core/Src/main.o
 .debug_macro   0x0000000000035116       0x16 Core/Src/main.o
 .debug_macro   0x000000000003512c       0x16 Core/Src/main.o
 .debug_macro   0x0000000000035142       0x29 Core/Src/main.o
 .debug_macro   0x000000000003516b       0x65 Core/Src/main.o
 .debug_macro   0x00000000000351d0      0x1ef Core/Src/main.o
 .debug_macro   0x00000000000353bf      0x2b3 Core/Src/stm32h7xx_hal_msp.o
 .debug_macro   0x0000000000035672      0x2bd Core/Src/stm32h7xx_it.o
 .debug_macro   0x000000000003592f      0x2a4 Core/Src/system_stm32h7xx.o
 .debug_macro   0x0000000000035bd3      0x2ce Drivers/STM32H7xx_HAL_Driver/Src/stm32h7xx_hal.o
 .debug_macro   0x0000000000035ea1      0x2a4 Drivers/STM32H7xx_HAL_Driver/Src/stm32h7xx_hal_cortex.o
 .debug_macro   0x0000000000036145      0x2ab Drivers/STM32H7xx_HAL_Driver/Src/stm32h7xx_hal_gpio.o
 .debug_macro   0x00000000000363f0      0x2b0 Drivers/STM32H7xx_HAL_Driver/Src/stm32h7xx_hal_pcd.o
 .debug_macro   0x00000000000366a0      0x2a4 Drivers/STM32H7xx_HAL_Driver/Src/stm32h7xx_hal_pcd_ex.o
 .debug_macro   0x0000000000036944      0x2dd Drivers/STM32H7xx_HAL_Driver/Src/stm32h7xx_hal_pwr_ex.o
 .debug_macro   0x0000000000036c21      0x2c8 Drivers/STM32H7xx_HAL_Driver/Src/stm32h7xx_hal_rcc.o
 .debug_macro   0x0000000000036ee9      0x2c2 Drivers/STM32H7xx_HAL_Driver/Src/stm32h7xx_hal_rcc_ex.o
 .debug_macro   0x00000000000371ab      0x2a4 Drivers/STM32H7xx_HAL_Driver/Src/stm32h7xx_ll_usb.o
 .debug_macro   0x000000000003744f      0x463 Middlewares/ST/STM32_USB_Device_Library/Class/AUDIO/Src/usbd_audio.o
 .debug_macro   0x00000000000378b2       0x16 Middlewares/ST/STM32_USB_Device_Library/Class/AUDIO/Src/usbd_audio.o
 .debug_macro   0x00000000000378c8       0x97 Middlewares/ST/STM32_USB_Device_Library/Class/AUDIO/Src/usbd_audio.o
 .debug_macro   0x000000000003795f       0xfd Middlewares/ST/STM32_USB_Device_Library/Class/AUDIO/Src/usbd_audio.o
 .debug_macro   0x0000000000037a5c       0xfb Middlewares/ST/STM32_USB_Device_Library/Class/AUDIO/Src/usbd_audio.o
 .debug_macro   0x0000000000037b57       0x17 Middlewares/ST/STM32_USB_Device_Library/Class/AUDIO/Src/usbd_audio.o
 .debug_macro   0x0000000000037b6e      0x1d8 Middlewares/ST/STM32_USB_Device_Library/Class/AUDIO/Src/usbd_audio.o