usbd_conf.c:67:6:HAL_PCD_MspInit	256	static
usbd_conf.c:140:6:HAL_PCD_MspDeInit	8	static
usbd_conf.c:189:6:HAL_PCD_SetupStageCallback	8	static
usbd_conf.c:204:6:HAL_PCD_DataOutStageCallback	8	static
usbd_conf.c:219:6:HAL_PCD_DataInStageCallback	8	static
usbd_conf.c:233:6:HAL_PCD_SOFCallback	8	static
usbd_conf.c:247:6:HAL_PCD_ResetCallback	8	static
usbd_conf.c:280:6:HAL_PCD_SuspendCallback	8	static
usbd_conf.c:305:6:HAL_PCD_ResumeCallback	8	static
usbd_conf.c:323:6:HAL_PCD_ISOOUTIncompleteCallback	8	static
usbd_conf.c:338:6:HAL_PCD_ISOINIncompleteCallback	8	static
usbd_conf.c:352:6:HAL_PCD_ConnectCallback	8	static
usbd_conf.c:366:6:HAL_PCD_DisconnectCallback	8	static
usbd_conf.c:381:20:USBD_LL_Init	8	static
usbd_conf.c:576:9:USBD_LL_IsStallEP	0	static
usbd_conf.c:654:10:USBD_LL_GetRxDataSize	8	static
usbd_conf.c:663:7:USBD_static_malloc	0	static
usbd_conf.c:674:6:USBD_static_free	0	static
usbd_conf.c:684:6:USBD_LL_Delay	8	static
usbd_conf.c:694:20:USBD_Get_USB_Status	0	static
usbd_conf.c:432:20:USBD_LL_DeInit	8	static
usbd_conf.c:449:20:USBD_LL_Start	8	static
usbd_conf.c:466:20:USBD_LL_Stop	8	static
usbd_conf.c:486:20:USBD_LL_OpenEP	8	static
usbd_conf.c:504:20:USBD_LL_CloseEP	8	static
usbd_conf.c:522:20:USBD_LL_FlushEP	8	static
usbd_conf.c:540:20:USBD_LL_StallEP	8	static
usbd_conf.c:558:20:USBD_LL_ClearStallEP	8	static
usbd_conf.c:596:20:USBD_LL_SetUSBAddress	8	static
usbd_conf.c:616:20:USBD_LL_Transmit	8	static
usbd_conf.c:636:20:USBD_LL_PrepareReceive	8	static
